Archive member included to satisfy reference by file (symbol)

d:/st/stm32cubeide_1.4.0/stm32cubeide/plugins/com.st.stm32cube.ide.mcu.externaltools.gnu-tools-for-stm32.7-2018-q2-update.win32_1.4.0.202007081208/tools/bin/../lib/gcc/arm-none-eabi/7.3.1/../../../../arm-none-eabi/lib/thumb/v7-m\libc_nano.a(lib_a-errno.o)
                              Core/Src/syscalls.o (__errno)
d:/st/stm32cubeide_1.4.0/stm32cubeide/plugins/com.st.stm32cube.ide.mcu.externaltools.gnu-tools-for-stm32.7-2018-q2-update.win32_1.4.0.202007081208/tools/bin/../lib/gcc/arm-none-eabi/7.3.1/../../../../arm-none-eabi/lib/thumb/v7-m\libc_nano.a(lib_a-exit.o)
                              d:/st/stm32cubeide_1.4.0/stm32cubeide/plugins/com.st.stm32cube.ide.mcu.externaltools.gnu-tools-for-stm32.7-2018-q2-update.win32_1.4.0.202007081208/tools/bin/../lib/gcc/arm-none-eabi/7.3.1/../../../../arm-none-eabi/lib/thumb/v7-m/crt0.o (exit)
d:/st/stm32cubeide_1.4.0/stm32cubeide/plugins/com.st.stm32cube.ide.mcu.externaltools.gnu-tools-for-stm32.7-2018-q2-update.win32_1.4.0.202007081208/tools/bin/../lib/gcc/arm-none-eabi/7.3.1/../../../../arm-none-eabi/lib/thumb/v7-m\libc_nano.a(lib_a-impure.o)
                              d:/st/stm32cubeide_1.4.0/stm32cubeide/plugins/com.st.stm32cube.ide.mcu.externaltools.gnu-tools-for-stm32.7-2018-q2-update.win32_1.4.0.202007081208/tools/bin/../lib/gcc/arm-none-eabi/7.3.1/../../../../arm-none-eabi/lib/thumb/v7-m\libc_nano.a(lib_a-exit.o) (_global_impure_ptr)
d:/st/stm32cubeide_1.4.0/stm32cubeide/plugins/com.st.stm32cube.ide.mcu.externaltools.gnu-tools-for-stm32.7-2018-q2-update.win32_1.4.0.202007081208/tools/bin/../lib/gcc/arm-none-eabi/7.3.1/../../../../arm-none-eabi/lib/thumb/v7-m\libc_nano.a(lib_a-init.o)
                              d:/st/stm32cubeide_1.4.0/stm32cubeide/plugins/com.st.stm32cube.ide.mcu.externaltools.gnu-tools-for-stm32.7-2018-q2-update.win32_1.4.0.202007081208/tools/bin/../lib/gcc/arm-none-eabi/7.3.1/../../../../arm-none-eabi/lib/thumb/v7-m/crt0.o (__libc_init_array)
d:/st/stm32cubeide_1.4.0/stm32cubeide/plugins/com.st.stm32cube.ide.mcu.externaltools.gnu-tools-for-stm32.7-2018-q2-update.win32_1.4.0.202007081208/tools/bin/../lib/gcc/arm-none-eabi/7.3.1/../../../../arm-none-eabi/lib/thumb/v7-m\libc_nano.a(lib_a-memset.o)
                              d:/st/stm32cubeide_1.4.0/stm32cubeide/plugins/com.st.stm32cube.ide.mcu.externaltools.gnu-tools-for-stm32.7-2018-q2-update.win32_1.4.0.202007081208/tools/bin/../lib/gcc/arm-none-eabi/7.3.1/../../../../arm-none-eabi/lib/thumb/v7-m/crt0.o (memset)
d:/st/stm32cubeide_1.4.0/stm32cubeide/plugins/com.st.stm32cube.ide.mcu.externaltools.gnu-tools-for-stm32.7-2018-q2-update.win32_1.4.0.202007081208/tools/bin/../lib/gcc/arm-none-eabi/7.3.1/../../../../arm-none-eabi/lib/thumb/v7-m\libc_nano.a(lib_a-printf.o)
                              Core/Src/main.o (printf)
d:/st/stm32cubeide_1.4.0/stm32cubeide/plugins/com.st.stm32cube.ide.mcu.externaltools.gnu-tools-for-stm32.7-2018-q2-update.win32_1.4.0.202007081208/tools/bin/../lib/gcc/arm-none-eabi/7.3.1/../../../../arm-none-eabi/lib/thumb/v7-m\libc_nano.a(lib_a-puts.o)
                              Core/Src/main.o (puts)
d:/st/stm32cubeide_1.4.0/stm32cubeide/plugins/com.st.stm32cube.ide.mcu.externaltools.gnu-tools-for-stm32.7-2018-q2-update.win32_1.4.0.202007081208/tools/bin/../lib/gcc/arm-none-eabi/7.3.1/../../../../arm-none-eabi/lib/thumb/v7-m\libc_nano.a(lib_a-wbuf.o)
                              d:/st/stm32cubeide_1.4.0/stm32cubeide/plugins/com.st.stm32cube.ide.mcu.externaltools.gnu-tools-for-stm32.7-2018-q2-update.win32_1.4.0.202007081208/tools/bin/../lib/gcc/arm-none-eabi/7.3.1/../../../../arm-none-eabi/lib/thumb/v7-m\libc_nano.a(lib_a-puts.o) (__swbuf_r)
d:/st/stm32cubeide_1.4.0/stm32cubeide/plugins/com.st.stm32cube.ide.mcu.externaltools.gnu-tools-for-stm32.7-2018-q2-update.win32_1.4.0.202007081208/tools/bin/../lib/gcc/arm-none-eabi/7.3.1/../../../../arm-none-eabi/lib/thumb/v7-m\libc_nano.a(lib_a-wsetup.o)
                              d:/st/stm32cubeide_1.4.0/stm32cubeide/plugins/com.st.stm32cube.ide.mcu.externaltools.gnu-tools-for-stm32.7-2018-q2-update.win32_1.4.0.202007081208/tools/bin/../lib/gcc/arm-none-eabi/7.3.1/../../../../arm-none-eabi/lib/thumb/v7-m\libc_nano.a(lib_a-puts.o) (__swsetup_r)
d:/st/stm32cubeide_1.4.0/stm32cubeide/plugins/com.st.stm32cube.ide.mcu.externaltools.gnu-tools-for-stm32.7-2018-q2-update.win32_1.4.0.202007081208/tools/bin/../lib/gcc/arm-none-eabi/7.3.1/../../../../arm-none-eabi/lib/thumb/v7-m\libc_nano.a(lib_a-fflush.o)
                              d:/st/stm32cubeide_1.4.0/stm32cubeide/plugins/com.st.stm32cube.ide.mcu.externaltools.gnu-tools-for-stm32.7-2018-q2-update.win32_1.4.0.202007081208/tools/bin/../lib/gcc/arm-none-eabi/7.3.1/../../../../arm-none-eabi/lib/thumb/v7-m\libc_nano.a(lib_a-wbuf.o) (_fflush_r)
[...]
Memory Configuration

Name             Origin             Length             Attributes
RAM              0x0000000020000000 0x0000000000005000 xrw
FLASH            0x0000000008000000 0x0000000000010000 xr
*default*        0x0000000000000000 0xffffffffffffffff

Linker script and memory map

LOAD d:/st/stm32cubeide_1.4.0/stm32cubeide/plugins/com.st.stm32cube.ide.mcu.externaltools.gnu-tools-for-stm32.7-2018-q2-update.win32_1.4.0.202007081208/tools/bin/../lib/gcc/arm-none-eabi/7.3.1/thumb/v7-m/crti.o
LOAD d:/st/stm32cubeide_1.4.0/stm32cubeide/plugins/com.st.stm32cube.ide.mcu.externaltools.gnu-tools-for-stm32.7-2018-q2-update.win32_1.4.0.202007081208/tools/bin/../lib/gcc/arm-none-eabi/7.3.1/thumb/v7-m/crtbegin.o
LOAD d:/st/stm32cubeide_1.4.0/stm32cubeide/plugins/com.st.stm32cube.ide.mcu.externaltools.gnu-tools-for-stm32.7-2018-q2-update.win32_1.4.0.202007081208/tools/bin/../lib/gcc/arm-none-eabi/7.3.1/../../../../arm-none-eabi/lib/thumb/v7-m/crt0.o
LOAD Core/Src/main.o
LOAD Core/Src/max3421e.o
LOAD Core/Src/maxUSB.o
LOAD Core/Src/redGearUSB.o
LOAD Core/Src/stm32f1xx_hal_msp.o
LOAD Core/Src/stm32f1xx_it.o
LOAD Core/Src/syscalls.o
LOAD Core/Src/sysmem.o
LOAD Core/Src/system_stm32f1xx.o
LOAD Core/Startup/startup_stm32f103c8tx.o
LOAD Drivers/STM32F1xx_HAL_Driver/Src/stm32f1xx_hal.o
LOAD Drivers/STM32F1xx_HAL_Driver/Src/stm32f1xx_hal_cortex.o
LOAD Drivers/STM32F1xx_HAL_Driver/Src/stm32f1xx_hal_dma.o
LOAD Drivers/STM32F1xx_HAL_Driver/Src/stm32f1xx_hal_exti.o
LOAD Drivers/STM32F1xx_HAL_Driver/Src/stm32f1xx_hal_flash.o
LOAD Drivers/STM32F1xx_HAL_Driver/Src/stm32f1xx_hal_flash_ex.o
LOAD Drivers/STM32F1xx_HAL_Driver/Src/stm32f1xx_hal_gpio.o
LOAD Drivers/STM32F1xx_HAL_Driver/Src/stm32f1xx_hal_gpio_ex.o
LOAD Drivers/STM32F1xx_HAL_Driver/Src/stm32f1xx_hal_pwr.o
LOAD Drivers/STM32F1xx_HAL_Driver/Src/stm32f1xx_hal_rcc.o
LOAD Drivers/STM32F1xx_HAL_Driver/Src/stm32f1xx_hal_rcc_ex.o
LOAD Drivers/STM32F1xx_HAL_Driver/Src/stm32f1xx_hal_spi.o
LOAD Drivers/STM32F1xx_HAL_Driver/Src/stm32f1xx_hal_tim.o
LOAD Drivers/STM32F1xx_HAL_Driver/Src/stm32f1xx_hal_tim_ex.o
START GROUP
LOAD d:/st/stm32cubeide_1.4.0/stm32cubeide/plugins/com.st.stm32cube.ide.mcu.externaltools.gnu-tools-for-stm32.7-2018-q2-update.win32_1.4.0.202007081208/tools/bin/../lib/gcc/arm-none-eabi/7.3.1/../../../../arm-none-eabi/lib/thumb/v7-m\libc_nano.a
LOAD d:/st/stm32cubeide_1.4.0/stm32cubeide/plugins/com.st.stm32cube.ide.mcu.externaltools.gnu-tools-for-stm32.7-2018-q2-update.win32_1.4.0.202007081208/tools/bin/../lib/gcc/arm-none-eabi/7.3.1/../../../../arm-none-eabi/lib/thumb/v7-m\libm.a
END GROUP
START GROUP
LOAD d:/st/stm32cubeide_1.4.0/stm32cubeide/plugins/com.st.stm32cube.ide.mcu.externaltools.gnu-tools-for-stm32.7-2018-q2-update.win32_1.4.0.202007081208/tools/bin/../lib/gcc/arm-none-eabi/7.3.1/thumb/v7-m\libgcc.a
LOAD d:/st/stm32cubeide_1.4.0/stm32cubeide/plugins/com.st.stm32cube.ide.mcu.externaltools.gnu-tools-for-stm32.7-2018-q2-update.win32_1.4.0.202007081208/tools/bin/../lib/gcc/arm-none-eabi/7.3.1/../../../../arm-none-eabi/lib/thumb/v7-m\libc_nano.a
END GROUP
START GROUP
LOAD d:/st/stm32cubeide_1.4.0/stm32cubeide/plugins/com.st.stm32cube.ide.mcu.externaltools.gnu-tools-for-stm32.7-2018-q2-update.win32_1.4.0.202007081208/tools/bin/../lib/gcc/arm-none-eabi/7.3.1/thumb/v7-m\libgcc.a
LOAD d:/st/stm32cubeide_1.4.0/stm32cubeide/plugins/com.st.stm32cube.ide.mcu.externaltools.gnu-tools-for-stm32.7-2018-q2-update.win32_1.4.0.202007081208/tools/bin/../lib/gcc/arm-none-eabi/7.3.1/../../../../arm-none-eabi/lib/thumb/v7-m\libc_nano.a
LOAD d:/st/stm32cubeide_1.4.0/stm32cubeide/plugins/com.st.stm32cube.ide.mcu.externaltools.gnu-tools-for-stm32.7-2018-q2-update.win32_1.4.0.202007081208/tools/bin/../lib/gcc/arm-none-eabi/7.3.1/../../../../arm-none-eabi/lib/thumb/v7-m\libnosys.a
END GROUP
START GROUP
LOAD d:/st/stm32cubeide_1.4.0/stm32cubeide/plugins/com.st.stm32cube.ide.mcu.externaltools.gnu-tools-for-stm32.7-2018-q2-update.win32_1.4.0.202007081208/tools/bin/../lib/gcc/arm-none-eabi/7.3.1/thumb/v7-m\libgcc.a
LOAD d:/st/stm32cubeide_1.4.0/stm32cubeide/plugins/com.st.stm32cube.ide.mcu.externaltools.gnu-tools-for-stm32.7-2018-q2-update.win32_1.4.0.202007081208/tools/bin/../lib/gcc/arm-none-eabi/7.3.1/../../../../arm-none-eabi/lib/thumb/v7-m\libc_nano.a
LOAD d:/st/stm32cubeide_1.4.0/stm32cubeide/plugins/com.st.stm32cube.ide.mcu.externaltools.gnu-tools-for-stm32.7-2018-q2-update.win32_1.4.0.202007081208/tools/bin/../lib/gcc/arm-none-eabi/7.3.1/../../../../arm-none-eabi/lib/thumb/v7-m\libnosys.a
END GROUP
LOAD d:/st/stm32cubeide_1.4.0/stm32cubeide/plugins/com.st.stm32cube.ide.mcu.externaltools.gnu-tools-for-stm32.7-2018-q2-update.win32_1.4.0.202007081208/tools/bin/../lib/gcc/arm-none-eabi/7.3.1/thumb/v7-m/crtend.o
LOAD d:/st/stm32cubeide_1.4.0/stm32cubeide/plugins/com.st.stm32cube.ide.mcu.externaltools.gnu-tools-for-stm32.7-2018-q2-update.win32_1.4.0.202007081208/tools/bin/../lib/gcc/arm-none-eabi/7.3.1/thumb/v7-m/crtn.o
                0x0000000020005000                _estack = (ORIGIN (RAM) + LENGTH (RAM))
                0x0000000000000200                _Min_Heap_Size = 0x200
                0x0000000000000400                _Min_Stack_Size = 0x400

.isr_vector     0x0000000008000000      0x10c
                0x0000000008000000                . = ALIGN (0x4)
 *(.isr_vector)
 .isr_vector    0x0000000008000000      0x10c Core/Startup/startup_stm32f103c8tx.o
                0x0000000008000000                g_pfnVectors
                0x000000000800010c                . = ALIGN (0x4)

.text           0x000000000800010c     0x4e48
                0x000000000800010c                . = ALIGN (0x4)
 *(.text)
 .text          0x000000000800010c       0x40 d:/st/stm32cubeide_1.4.0/stm32cubeide/plugins/com.st.stm32cube.ide.mcu.externaltools.gnu-tools-for-stm32.7-2018-q2-update.win32_1.4.0.202007081208/tools/bin/../lib/gcc/arm-none-eabi/7.3.1/thumb/v7-m/crtbegin.o
 *(.text*)
 .text.ITM_SendChar
                0x000000000800014c       0x4c Core/Src/main.o
 .text._write   0x0000000008000198       0x38 Core/Src/main.o
                0x0000000008000198                _write
 .text.main     0x00000000080001d0      0x12c Core/Src/main.o
                0x00000000080001d0                main
 .text.SystemClock_Config
                0x00000000080002fc       0x8a Core/Src/main.o
                0x00000000080002fc                SystemClock_Config
 *fill*         0x0000000008000386        0x2 
 .text.MX_SPI2_Init
                0x0000000008000388       0x6c Core/Src/main.o
 .text.MX_TIM1_Init
                0x00000000080003f4      0x168 Core/Src/main.o
 .text.MX_TIM2_Init
                0x000000000800055c      0x110 Core/Src/main.o
 .text.MX_TIM3_Init
                0x000000000800066c      0x110 Core/Src/main.o
 .text.MX_TIM4_Init
                0x000000000800077c      0x130 Core/Src/main.o
 .text.MX_GPIO_Init
                0x00000000080008ac       0xfc Core/Src/main.o
 .text.Error_Handler
                0x00000000080009a8        0xc Core/Src/main.o
                0x00000000080009a8                Error_Handler
 .text.regWr    0x00000000080009b4       0x64 Core/Src/max3421e.o
                0x00000000080009b4                regWr
 .text.regWrN   0x0000000008000a18       0x60 Core/Src/max3421e.o
                0x0000000008000a18                regWrN
 .text.regRd    0x0000000008000a78       0x58 Core/Src/max3421e.o
                0x0000000008000a78                regRd
 .text.regRdN   0x0000000008000ad0       0x58 Core/Src/max3421e.o
                0x0000000008000ad0                regRdN
 .text.maxReset
                0x0000000008000b28       0x4e Core/Src/max3421e.o
                0x0000000008000b28                maxReset
 *fill*         0x0000000008000b76        0x2 
 .text.maxInit  0x0000000008000b78       0xac Core/Src/max3421e.o
                0x0000000008000b78                maxInit
 .text.maxBusprobe
                0x0000000008000c24      0x100 Core/Src/max3421e.o
                0x0000000008000c24                maxBusprobe
 .text.setAllEp
                0x0000000008000d24       0x8c Core/Src/maxUSB.o
                0x0000000008000d24                setAllEp
 .text.USBdispatchPacket
                0x0000000008000db0       0x44 Core/Src/maxUSB.o
                0x0000000008000db0                USBdispatchPacket
 .text.USBgetDescriptor
                0x0000000008000df4      0x130 Core/Src/maxUSB.o
                0x0000000008000df4                USBgetDescriptor
 .text.USBgetEpInfoEntry
                0x0000000008000f24       0x44 Core/Src/maxUSB.o
                0x0000000008000f24                USBgetEpInfoEntry
 .text.maxSetAddress
                0x0000000008000f68       0x6e Core/Src/maxUSB.o
                0x0000000008000f68                maxSetAddress
 .text.USBctrlReq
                0x0000000008000fd6      0x1ce Core/Src/maxUSB.o
                0x0000000008000fd6                USBctrlReq
 .text.USBinTransfer
                0x00000000080011a4      0x18c Core/Src/maxUSB.o
                0x00000000080011a4                USBinTransfer
 .text.USBoutTransfer
                0x0000000008001330      0x22a Core/Src/maxUSB.o
                0x0000000008001330                USBoutTransfer
 .text.USBin_Transfer
                0x000000000800155a       0x5e Core/Src/maxUSB.o
                0x000000000800155a                USBin_Transfer
 .text.RGpoll   0x00000000080015b8       0x34 Core/Src/redGearUSB.o
                0x00000000080015b8                RGpoll
 .text.RGinit   0x00000000080015ec       0xc8 Core/Src/redGearUSB.o
                0x00000000080015ec                RGinit
 .text.HAL_MspInit
                0x00000000080016b4       0x64 Core/Src/stm32f1xx_hal_msp.o
                0x00000000080016b4                HAL_MspInit
 .text.HAL_SPI_MspInit
                0x0000000008001718       0x98 Core/Src/stm32f1xx_hal_msp.o
                0x0000000008001718                HAL_SPI_MspInit
 .text.HAL_TIM_PWM_MspInit
                0x00000000080017b0      0x12c Core/Src/stm32f1xx_hal_msp.o
                0x00000000080017b0                HAL_TIM_PWM_MspInit
 .text.HAL_TIM_Base_MspInit
                0x00000000080018dc       0x3c Core/Src/stm32f1xx_hal_msp.o
                0x00000000080018dc                HAL_TIM_Base_MspInit
 .text.HAL_TIM_MspPostInit
                0x0000000008001918      0x128 Core/Src/stm32f1xx_hal_msp.o
                0x0000000008001918                HAL_TIM_MspPostInit
 .text.NMI_Handler
                0x0000000008001a40        0xc Core/Src/stm32f1xx_it.o
                0x0000000008001a40                NMI_Handler
 .text.HardFault_Handler
                0x0000000008001a4c        0x6 Core/Src/stm32f1xx_it.o
                0x0000000008001a4c                HardFault_Handler
 .text.MemManage_Handler
                0x0000000008001a52        0x6 Core/Src/stm32f1xx_it.o
                0x0000000008001a52                MemManage_Handler
 .text.BusFault_Handler
                0x0000000008001a58        0x6 Core/Src/stm32f1xx_it.o
                0x0000000008001a58                BusFault_Handler
 .text.UsageFault_Handler
                0x0000000008001a5e        0x6 Core/Src/stm32f1xx_it.o
                0x0000000008001a5e                UsageFault_Handler
 .text.SVC_Handler
                0x0000000008001a64        0xc Core/Src/stm32f1xx_it.o
                0x0000000008001a64                SVC_Handler
 .text.DebugMon_Handler
                0x0000000008001a70        0xc Core/Src/stm32f1xx_it.o
                0x0000000008001a70                DebugMon_Handler
 .text.PendSV_Handler
                0x0000000008001a7c        0xc Core/Src/stm32f1xx_it.o
                0x0000000008001a7c                PendSV_Handler
 .text.SysTick_Handler
                0x0000000008001a88        0xc Core/Src/stm32f1xx_it.o
                0x0000000008001a88                SysTick_Handler
 .text._read    0x0000000008001a94       0x3a Core/Src/syscalls.o
                0x0000000008001a94                _read
 .text._close   0x0000000008001ace       0x16 Core/Src/syscalls.o
                0x0000000008001ace                _close
 .text._fstat   0x0000000008001ae4       0x1e Core/Src/syscalls.o
                0x0000000008001ae4                _fstat
 .text._isatty  0x0000000008001b02       0x14 Core/Src/syscalls.o
                0x0000000008001b02                _isatty
 .text._lseek   0x0000000008001b16       0x18 Core/Src/syscalls.o
                0x0000000008001b16                _lseek
 *fill*         0x0000000008001b2e        0x2 
 .text._sbrk    0x0000000008001b30       0x6c Core/Src/sysmem.o
                0x0000000008001b30                _sbrk
 .text.SystemInit
                0x0000000008001b9c        0xc Core/Src/system_stm32f1xx.o
                0x0000000008001b9c                SystemInit
 .text.Reset_Handler
                0x0000000008001ba8       0x48 Core/Startup/startup_stm32f103c8tx.o
                0x0000000008001ba8                Reset_Handler
 .text.Default_Handler
                0x0000000008001bf0        0x2 Core/Startup/startup_stm32f103c8tx.o
                0x0000000008001bf0                RTC_Alarm_IRQHandler
                0x0000000008001bf0                EXTI2_IRQHandler
                0x0000000008001bf0                TIM1_CC_IRQHandler
                0x0000000008001bf0                PVD_IRQHandler
                0x0000000008001bf0                EXTI3_IRQHandler
                0x0000000008001bf0                EXTI0_IRQHandler
                0x0000000008001bf0                I2C2_EV_IRQHandler
                0x0000000008001bf0                ADC1_2_IRQHandler
                0x0000000008001bf0                SPI1_IRQHandler
                0x0000000008001bf0                TAMPER_IRQHandler
                0x0000000008001bf0                DMA1_Channel4_IRQHandler
                0x0000000008001bf0                USART3_IRQHandler
                0x0000000008001bf0                RTC_IRQHandler
                0x0000000008001bf0                DMA1_Channel7_IRQHandler
                0x0000000008001bf0                CAN1_RX1_IRQHandler
                0x0000000008001bf0                TIM4_IRQHandler
                0x0000000008001bf0                I2C1_EV_IRQHandler
                0x0000000008001bf0                DMA1_Channel6_IRQHandler
                0x0000000008001bf0                TIM3_IRQHandler
                0x0000000008001bf0                RCC_IRQHandler
                0x0000000008001bf0                TIM1_TRG_COM_IRQHandler
                0x0000000008001bf0                DMA1_Channel1_IRQHandler
                0x0000000008001bf0                Default_Handler
                0x0000000008001bf0                EXTI15_10_IRQHandler
                0x0000000008001bf0                EXTI9_5_IRQHandler
                0x0000000008001bf0                SPI2_IRQHandler
                0x0000000008001bf0                DMA1_Channel5_IRQHandler
                0x0000000008001bf0                EXTI4_IRQHandler
                0x0000000008001bf0                USB_LP_CAN1_RX0_IRQHandler
                0x0000000008001bf0                USB_HP_CAN1_TX_IRQHandler
                0x0000000008001bf0                DMA1_Channel3_IRQHandler
                0x0000000008001bf0                TIM1_UP_IRQHandler
                0x0000000008001bf0                WWDG_IRQHandler
                0x0000000008001bf0                TIM2_IRQHandler
                0x0000000008001bf0                TIM1_BRK_IRQHandler
                0x0000000008001bf0                EXTI1_IRQHandler
                0x0000000008001bf0                USART2_IRQHandler
                0x0000000008001bf0                I2C2_ER_IRQHandler
                0x0000000008001bf0                DMA1_Channel2_IRQHandler
                0x0000000008001bf0                CAN1_SCE_IRQHandler
                0x0000000008001bf0                FLASH_IRQHandler
                0x0000000008001bf0                USART1_IRQHandler
                0x0000000008001bf0                I2C1_ER_IRQHandler
                0x0000000008001bf0                USBWakeUp_IRQHandler
 *fill*         0x0000000008001bf2        0x2 
 .text.HAL_Init
                0x0000000008001bf4       0x2c Drivers/STM32F1xx_HAL_Driver/Src/stm32f1xx_hal.o
                0x0000000008001bf4                HAL_Init
 .text.HAL_InitTick
                0x0000000008001c20       0x60 Drivers/STM32F1xx_HAL_Driver/Src/stm32f1xx_hal.o
                0x0000000008001c20                HAL_InitTick
 .text.HAL_IncTick
                0x0000000008001c80       0x24 Drivers/STM32F1xx_HAL_Driver/Src/stm32f1xx_hal.o
                0x0000000008001c80                HAL_IncTick
 .text.HAL_GetTick
                0x0000000008001ca4       0x14 Drivers/STM32F1xx_HAL_Driver/Src/stm32f1xx_hal.o
                0x0000000008001ca4                HAL_GetTick
 .text.HAL_Delay
                0x0000000008001cb8       0x44 Drivers/STM32F1xx_HAL_Driver/Src/stm32f1xx_hal.o
                0x0000000008001cb8                HAL_Delay
 .text.__NVIC_SetPriorityGrouping
                0x0000000008001cfc       0x48 Drivers/STM32F1xx_HAL_Driver/Src/stm32f1xx_hal_cortex.o
 .text.__NVIC_GetPriorityGrouping
                0x0000000008001d44       0x1c Drivers/STM32F1xx_HAL_Driver/Src/stm32f1xx_hal_cortex.o
 .text.__NVIC_SetPriority
                0x0000000008001d60       0x54 Drivers/STM32F1xx_HAL_Driver/Src/stm32f1xx_hal_cortex.o
 .text.NVIC_EncodePriority
                0x0000000008001db4       0x64 Drivers/STM32F1xx_HAL_Driver/Src/stm32f1xx_hal_cortex.o
 .text.SysTick_Config
                0x0000000008001e18       0x44 Drivers/STM32F1xx_HAL_Driver/Src/stm32f1xx_hal_cortex.o
 .text.HAL_NVIC_SetPriorityGrouping
                0x0000000008001e5c       0x16 Drivers/STM32F1xx_HAL_Driver/Src/stm32f1xx_hal_cortex.o
                0x0000000008001e5c                HAL_NVIC_SetPriorityGrouping
 .text.HAL_NVIC_SetPriority
                0x0000000008001e72       0x38 Drivers/STM32F1xx_HAL_Driver/Src/stm32f1xx_hal_cortex.o
                0x0000000008001e72                HAL_NVIC_SetPriority
 .text.HAL_SYSTICK_Config
                0x0000000008001eaa       0x18 Drivers/STM32F1xx_HAL_Driver/Src/stm32f1xx_hal_cortex.o
                0x0000000008001eaa                HAL_SYSTICK_Config
 *fill*         0x0000000008001ec2        0x2 
 .text.HAL_GPIO_Init
                0x0000000008001ec4      0x2b4 Drivers/STM32F1xx_HAL_Driver/Src/stm32f1xx_hal_gpio.o
                0x0000000008001ec4                HAL_GPIO_Init
 .text.HAL_GPIO_WritePin
                0x0000000008002178       0x30 Drivers/STM32F1xx_HAL_Driver/Src/stm32f1xx_hal_gpio.o
                0x0000000008002178                HAL_GPIO_WritePin
 .text.HAL_RCC_OscConfig
                0x00000000080021a8      0x500 Drivers/STM32F1xx_HAL_Driver/Src/stm32f1xx_hal_rcc.o
                0x00000000080021a8                HAL_RCC_OscConfig
 .text.HAL_RCC_ClockConfig
                0x00000000080026a8      0x1d4 Drivers/STM32F1xx_HAL_Driver/Src/stm32f1xx_hal_rcc.o
                0x00000000080026a8                HAL_RCC_ClockConfig
 .text.HAL_RCC_GetSysClockFreq
                0x000000000800287c       0xc4 Drivers/STM32F1xx_HAL_Driver/Src/stm32f1xx_hal_rcc.o
                0x000000000800287c                HAL_RCC_GetSysClockFreq
 .text.RCC_Delay
                0x0000000008002940       0x3c Drivers/STM32F1xx_HAL_Driver/Src/stm32f1xx_hal_rcc.o
 .text.HAL_SPI_Init
                0x000000000800297c      0x108 Drivers/STM32F1xx_HAL_Driver/Src/stm32f1xx_hal_spi.o
                0x000000000800297c                HAL_SPI_Init
 .text.HAL_SPI_Transmit
                0x0000000008002a84      0x278 Drivers/STM32F1xx_HAL_Driver/Src/stm32f1xx_hal_spi.o
                0x0000000008002a84                HAL_SPI_Transmit
 .text.HAL_SPI_Receive
                0x0000000008002cfc      0x222 Drivers/STM32F1xx_HAL_Driver/Src/stm32f1xx_hal_spi.o
                0x0000000008002cfc                HAL_SPI_Receive
 .text.HAL_SPI_TransmitReceive
                0x0000000008002f1e      0x344 Drivers/STM32F1xx_HAL_Driver/Src/stm32f1xx_hal_spi.o
                0x0000000008002f1e                HAL_SPI_TransmitReceive
 *fill*         0x0000000008003262        0x2 
 .text.SPI_WaitFlagStateUntilTimeout
                0x0000000008003264      0x110 Drivers/STM32F1xx_HAL_Driver/Src/stm32f1xx_hal_spi.o
 .text.SPI_EndRxTransaction
                0x0000000008003374       0xa4 Drivers/STM32F1xx_HAL_Driver/Src/stm32f1xx_hal_spi.o
 .text.SPI_EndRxTxTransaction
                0x0000000008003418       0x3c Drivers/STM32F1xx_HAL_Driver/Src/stm32f1xx_hal_spi.o
 .text.HAL_TIM_Base_Init
                0x0000000008003454       0x9e Drivers/STM32F1xx_HAL_Driver/Src/stm32f1xx_hal_tim.o
                0x0000000008003454                HAL_TIM_Base_Init
 .text.HAL_TIM_PWM_Init
                0x00000000080034f2       0x9e Drivers/STM32F1xx_HAL_Driver/Src/stm32f1xx_hal_tim.o
                0x00000000080034f2                HAL_TIM_PWM_Init
 .text.HAL_TIM_Encoder_Init
                0x0000000008003590      0x144 Drivers/STM32F1xx_HAL_Driver/Src/stm32f1xx_hal_tim.o
                0x0000000008003590                HAL_TIM_Encoder_Init
 .text.HAL_TIM_Encoder_MspInit
                0x00000000080036d4       0x12 Drivers/STM32F1xx_HAL_Driver/Src/stm32f1xx_hal_tim.o
                0x00000000080036d4                HAL_TIM_Encoder_MspInit
 *fill*         0x00000000080036e6        0x2 
 .text.HAL_TIM_PWM_ConfigChannel
                0x00000000080036e8      0x17c Drivers/STM32F1xx_HAL_Driver/Src/stm32f1xx_hal_tim.o
                0x00000000080036e8                HAL_TIM_PWM_ConfigChannel
 .text.HAL_TIM_ConfigClockSource
                0x0000000008003864      0x16e Drivers/STM32F1xx_HAL_Driver/Src/stm32f1xx_hal_tim.o
                0x0000000008003864                HAL_TIM_ConfigClockSource
 *fill*         0x00000000080039d2        0x2 
 .text.TIM_Base_SetConfig
                0x00000000080039d4       0xc4 Drivers/STM32F1xx_HAL_Driver/Src/stm32f1xx_hal_tim.o
                0x00000000080039d4                TIM_Base_SetConfig
 .text.TIM_OC1_SetConfig
                0x0000000008003a98       0xcc Drivers/STM32F1xx_HAL_Driver/Src/stm32f1xx_hal_tim.o
 .text.TIM_OC2_SetConfig
                0x0000000008003b64       0xd4 Drivers/STM32F1xx_HAL_Driver/Src/stm32f1xx_hal_tim.o
                0x0000000008003b64                TIM_OC2_SetConfig
 .text.TIM_OC3_SetConfig
                0x0000000008003c38       0xd4 Drivers/STM32F1xx_HAL_Driver/Src/stm32f1xx_hal_tim.o
 .text.TIM_OC4_SetConfig
                0x0000000008003d0c       0x9c Drivers/STM32F1xx_HAL_Driver/Src/stm32f1xx_hal_tim.o
 .text.TIM_TI1_ConfigInputStage
                0x0000000008003da8       0x5c Drivers/STM32F1xx_HAL_Driver/Src/stm32f1xx_hal_tim.o
 .text.TIM_TI2_ConfigInputStage
                0x0000000008003e04       0x5e Drivers/STM32F1xx_HAL_Driver/Src/stm32f1xx_hal_tim.o
 .text.TIM_ITRx_SetConfig
                0x0000000008003e62       0x34 Drivers/STM32F1xx_HAL_Driver/Src/stm32f1xx_hal_tim.o
 .text.TIM_ETR_SetConfig
                0x0000000008003e96       0x3e Drivers/STM32F1xx_HAL_Driver/Src/stm32f1xx_hal_tim.o
                0x0000000008003e96                TIM_ETR_SetConfig
 .text.HAL_TIMEx_MasterConfigSynchronization
                0x0000000008003ed4       0xbc Drivers/STM32F1xx_HAL_Driver/Src/stm32f1xx_hal_tim_ex.o
                0x0000000008003ed4                HAL_TIMEx_MasterConfigSynchronization
 .text.HAL_TIMEx_ConfigBreakDeadTime
                0x0000000008003f90       0xa2 Drivers/STM32F1xx_HAL_Driver/Src/stm32f1xx_hal_tim_ex.o
                0x0000000008003f90                HAL_TIMEx_ConfigBreakDeadTime
 *fill*         0x0000000008004032        0x2 
 .text.__errno  0x0000000008004034        0xc d:/st/stm32cubeide_1.4.0/stm32cubeide/plugins/com.st.stm32cube.ide.mcu.externaltools.gnu-tools-for-stm32.7-2018-q2-update.win32_1.4.0.202007081208/tools/bin/../lib/gcc/arm-none-eabi/7.3.1/../../../../arm-none-eabi/lib/thumb/v7-m\libc_nano.a(lib_a-errno.o)
                0x0000000008004034                __errno
 .text.__libc_init_array
                0x0000000008004040       0x48 d:/st/stm32cubeide_1.4.0/stm32cubeide/plugins/com.st.stm32cube.ide.mcu.externaltools.gnu-tools-for-stm32.7-2018-q2-update.win32_1.4.0.202007081208/tools/bin/../lib/gcc/arm-none-eabi/7.3.1/../../../../arm-none-eabi/lib/thumb/v7-m\libc_nano.a(lib_a-init.o)
                0x0000000008004040                __libc_init_array
 .text.memset   0x0000000008004088       0x10 d:/st/stm32cubeide_1.4.0/stm32cubeide/plugins/com.st.stm32cube.ide.mcu.externaltools.gnu-tools-for-stm32.7-2018-q2-update.win32_1.4.0.202007081208/tools/bin/../lib/gcc/arm-none-eabi/7.3.1/../../../../arm-none-eabi/lib/thumb/v7-m\libc_nano.a(lib_a-memset.o)
                0x0000000008004088                memset
 .text.printf   0x0000000008004098       0x30 d:/st/stm32cubeide_1.4.0/stm32cubeide/plugins/com.st.stm32cube.ide.mcu.externaltools.gnu-tools-for-stm32.7-2018-q2-update.win32_1.4.0.202007081208/tools/bin/../lib/gcc/arm-none-eabi/7.3.1/../../../../arm-none-eabi/lib/thumb/v7-m\libc_nano.a(lib_a-printf.o)
                0x0000000008004098                iprintf
                0x0000000008004098                printf
 .text._puts_r  0x00000000080040c8       0xb8 d:/st/stm32cubeide_1.4.0/stm32cubeide/plugins/com.st.stm32cube.ide.mcu.externaltools.gnu-tools-for-stm32.7-2018-q2-update.win32_1.4.0.202007081208/tools/bin/../lib/gcc/arm-none-eabi/7.3.1/../../../../arm-none-eabi/lib/thumb/v7-m\libc_nano.a(lib_a-puts.o)
                0x00000000080040c8                _puts_r
 .text.puts     0x0000000008004180       0x10 d:/st/stm32cubeide_1.4.0/stm32cubeide/plugins/com.st.stm32cube.ide.mcu.externaltools.gnu-tools-for-stm32.7-2018-q2-update.win32_1.4.0.202007081208/tools/bin/../lib/gcc/arm-none-eabi/7.3.1/../../../../arm-none-eabi/lib/thumb/v7-m\libc_nano.a(lib_a-puts.o)
                0x0000000008004180                puts
 .text.__swbuf_r
                0x0000000008004190       0xa4 d:/st/stm32cubeide_1.4.0/stm32cubeide/plugins/com.st.stm32cube.ide.mcu.externaltools.gnu-tools-for-stm32.7-2018-q2-update.win32_1.4.0.202007081208/tools/bin/../lib/gcc/arm-none-eabi/7.3.1/../../../../arm-none-eabi/lib/thumb/v7-m\libc_nano.a(lib_a-wbuf.o)
                0x0000000008004190                __swbuf_r
 .text.__swsetup_r
                0x0000000008004234       0xdc d:/st/stm32cubeide_1.4.0/stm32cubeide/plugins/com.st.stm32cube.ide.mcu.externaltools.gnu-tools-for-stm32.7-2018-q2-update.win32_1.4.0.202007081208/tools/bin/../lib/gcc/arm-none-eabi/7.3.1/../../../../arm-none-eabi/lib/thumb/v7-m\libc_nano.a(lib_a-wsetup.o)
                0x0000000008004234                __swsetup_r
 .text.__sflush_r
                0x0000000008004310      0x10c d:/st/stm32cubeide_1.4.0/stm32cubeide/plugins/com.st.stm32cube.ide.mcu.externaltools.gnu-tools-for-stm32.7-2018-q2-update.win32_1.4.0.202007081208/tools/bin/../lib/gcc/arm-none-eabi/7.3.1/../../../../arm-none-eabi/lib/thumb/v7-m\libc_nano.a(lib_a-fflush.o)
                0x0000000008004310                __sflush_r
 .text._fflush_r
                0x000000000800441c       0x54 d:/st/stm32cubeide_1.4.0/stm32cubeide/plugins/com.st.stm32cube.ide.mcu.externaltools.gnu-tools-for-stm32.7-2018-q2-update.win32_1.4.0.202007081208/tools/bin/../lib/gcc/arm-none-eabi/7.3.1/../../../../arm-none-eabi/lib/thumb/v7-m\libc_nano.a(lib_a-fflush.o)
                0x000000000800441c                _fflush_r
 .text.std      0x0000000008004470       0x48 d:/st/stm32cubeide_1.4.0/stm32cubeide/plugins/com.st.stm32cube.ide.mcu.externaltools.gnu-tools-for-stm32.7-2018-q2-update.win32_1.4.0.202007081208/tools/bin/../lib/gcc/arm-none-eabi/7.3.1/../../../../arm-none-eabi/lib/thumb/v7-m\libc_nano.a(lib_a-findfp.o)
 .text._cleanup_r
                0x00000000080044b8        0xc d:/st/stm32cubeide_1.4.0/stm32cubeide/plugins/com.st.stm32cube.ide.mcu.externaltools.gnu-tools-for-stm32.7-2018-q2-update.win32_1.4.0.202007081208/tools/bin/../lib/gcc/arm-none-eabi/7.3.1/../../../../arm-none-eabi/lib/thumb/v7-m\libc_nano.a(lib_a-findfp.o)
                0x00000000080044b8                _cleanup_r
 .text.__sfmoreglue
                0x00000000080044c4       0x2c d:/st/stm32cubeide_1.4.0/stm32cubeide/plugins/com.st.stm32cube.ide.mcu.externaltools.gnu-tools-for-stm32.7-2018-q2-update.win32_1.4.0.202007081208/tools/bin/../lib/gcc/arm-none-eabi/7.3.1/../../../../arm-none-eabi/lib/thumb/v7-m\libc_nano.a(lib_a-findfp.o)
                0x00000000080044c4                __sfmoreglue
 .text.__sinit  0x00000000080044f0       0x60 d:/st/stm32cubeide_1.4.0/stm32cubeide/plugins/com.st.stm32cube.ide.mcu.externaltools.gnu-tools-for-stm32.7-2018-q2-update.win32_1.4.0.202007081208/tools/bin/../lib/gcc/arm-none-eabi/7.3.1/../../../../arm-none-eabi/lib/thumb/v7-m\libc_nano.a(lib_a-findfp.o)
                0x00000000080044f0                __sinit
 .text.__sfp    0x0000000008004550       0x78 d:/st/stm32cubeide_1.4.0/stm32cubeide/plugins/com.st.stm32cube.ide.mcu.externaltools.gnu-tools-for-stm32.7-2018-q2-update.win32_1.4.0.202007081208/tools/bin/../lib/gcc/arm-none-eabi/7.3.1/../../../../arm-none-eabi/lib/thumb/v7-m\libc_nano.a(lib_a-findfp.o)
                0x0000000008004550                __sfp
 .text._fwalk_reent
                0x00000000080045c8       0x3c d:/st/stm32cubeide_1.4.0/stm32cubeide/plugins/com.st.stm32cube.ide.mcu.externaltools.gnu-tools-for-stm32.7-2018-q2-update.win32_1.4.0.202007081208/tools/bin/../lib/gcc/arm-none-eabi/7.3.1/../../../../arm-none-eabi/lib/thumb/v7-m\libc_nano.a(lib_a-fwalk.o)
                0x00000000080045c8                _fwalk_reent
 .text.__swhatbuf_r
                0x0000000008004604       0x48 d:/st/stm32cubeide_1.4.0/stm32cubeide/plugins/com.st.stm32cube.ide.mcu.externaltools.gnu-tools-for-stm32.7-2018-q2-update.win32_1.4.0.202007081208/tools/bin/../lib/gcc/arm-none-eabi/7.3.1/../../../../arm-none-eabi/lib/thumb/v7-m\libc_nano.a(lib_a-makebuf.o)
                0x0000000008004604                __swhatbuf_r
 .text.__smakebuf_r
                0x000000000800464c       0x80 d:/st/stm32cubeide_1.4.0/stm32cubeide/plugins/com.st.stm32cube.ide.mcu.externaltools.gnu-tools-for-stm32.7-2018-q2-update.win32_1.4.0.202007081208/tools/bin/../lib/gcc/arm-none-eabi/7.3.1/../../../../arm-none-eabi/lib/thumb/v7-m\libc_nano.a(lib_a-makebuf.o)
                0x000000000800464c                __smakebuf_r
 .text._free_r  0x00000000080046cc       0x98 d:/st/stm32cubeide_1.4.0/stm32cubeide/plugins/com.st.stm32cube.ide.mcu.externaltools.gnu-tools-for-stm32.7-2018-q2-update.win32_1.4.0.202007081208/tools/bin/../lib/gcc/arm-none-eabi/7.3.1/../../../../arm-none-eabi/lib/thumb/v7-m\libc_nano.a(lib_a-nano-freer.o)
                0x00000000080046cc                _free_r
 .text._malloc_r
                0x0000000008004764       0xb4 d:/st/stm32cubeide_1.4.0/stm32cubeide/plugins/com.st.stm32cube.ide.mcu.externaltools.gnu-tools-for-stm32.7-2018-q2-update.win32_1.4.0.202007081208/tools/bin/../lib/gcc/arm-none-eabi/7.3.1/../../../../arm-none-eabi/lib/thumb/v7-m\libc_nano.a(lib_a-nano-mallocr.o)
                0x0000000008004764                _malloc_r
 .text.__sfputc_r
                0x0000000008004818       0x2a d:/st/stm32cubeide_1.4.0/stm32cubeide/plugins/com.st.stm32cube.ide.mcu.externaltools.gnu-tools-for-stm32.7-2018-q2-update.win32_1.4.0.202007081208/tools/bin/../lib/gcc/arm-none-eabi/7.3.1/../../../../arm-none-eabi/lib/thumb/v7-m\libc_nano.a(lib_a-nano-vfprintf.o)
 .text.__sfputs_r
                0x0000000008004842       0x24 d:/st/stm32cubeide_1.4.0/stm32cubeide/plugins/com.st.stm32cube.ide.mcu.externaltools.gnu-tools-for-stm32.7-2018-q2-update.win32_1.4.0.202007081208/tools/bin/../lib/gcc/arm-none-eabi/7.3.1/../../../../arm-none-eabi/lib/thumb/v7-m\libc_nano.a(lib_a-nano-vfprintf.o)
                0x0000000008004842                __sfputs_r
 *fill*         0x0000000008004866        0x2 
 .text._vfprintf_r
                0x0000000008004868      0x22c d:/st/stm32cubeide_1.4.0/stm32cubeide/plugins/com.st.stm32cube.ide.mcu.externaltools.gnu-tools-for-stm32.7-2018-q2-update.win32_1.4.0.202007081208/tools/bin/../lib/gcc/arm-none-eabi/7.3.1/../../../../arm-none-eabi/lib/thumb/v7-m\libc_nano.a(lib_a-nano-vfprintf.o)
                0x0000000008004868                _vfprintf_r
                0x0000000008004868                _vfiprintf_r
 .text._printf_common
                0x0000000008004a94       0xec d:/st/stm32cubeide_1.4.0/stm32cubeide/plugins/com.st.stm32cube.ide.mcu.externaltools.gnu-tools-for-stm32.7-2018-q2-update.win32_1.4.0.202007081208/tools/bin/../lib/gcc/arm-none-eabi/7.3.1/../../../../arm-none-eabi/lib/thumb/v7-m\libc_nano.a(lib_a-nano-vfprintf_i.o)
                0x0000000008004a94                _printf_common
 .text._printf_i
                0x0000000008004b80      0x224 d:/st/stm32cubeide_1.4.0/stm32cubeide/plugins/com.st.stm32cube.ide.mcu.externaltools.gnu-tools-for-stm32.7-2018-q2-update.win32_1.4.0.202007081208/tools/bin/../lib/gcc/arm-none-eabi/7.3.1/../../../../arm-none-eabi/lib/thumb/v7-m\libc_nano.a(lib_a-nano-vfprintf_i.o)
                0x0000000008004b80                _printf_i
 .text._sbrk_r  0x0000000008004da4       0x20 d:/st/stm32cubeide_1.4.0/stm32cubeide/plugins/com.st.stm32cube.ide.mcu.externaltools.gnu-tools-for-stm32.7-2018-q2-update.win32_1.4.0.202007081208/tools/bin/../lib/gcc/arm-none-eabi/7.3.1/../../../../arm-none-eabi/lib/thumb/v7-m\libc_nano.a(lib_a-sbrkr.o)
                0x0000000008004da4                _sbrk_r
 .text.__sread  0x0000000008004dc4       0x22 d:/st/stm32cubeide_1.4.0/stm32cubeide/plugins/com.st.stm32cube.ide.mcu.externaltools.gnu-tools-for-stm32.7-2018-q2-update.win32_1.4.0.202007081208/tools/bin/../lib/gcc/arm-none-eabi/7.3.1/../../../../arm-none-eabi/lib/thumb/v7-m\libc_nano.a(lib_a-stdio.o)
                0x0000000008004dc4                __sread
 .text.__swrite
                0x0000000008004de6       0x38 d:/st/stm32cubeide_1.4.0/stm32cubeide/plugins/com.st.stm32cube.ide.mcu.externaltools.gnu-tools-for-stm32.7-2018-q2-update.win32_1.4.0.202007081208/tools/bin/../lib/gcc/arm-none-eabi/7.3.1/../../../../arm-none-eabi/lib/thumb/v7-m\libc_nano.a(lib_a-stdio.o)
                0x0000000008004de6                __swrite
 .text.__sseek  0x0000000008004e1e       0x24 d:/st/stm32cubeide_1.4.0/stm32cubeide/plugins/com.st.stm32cube.ide.mcu.externaltools.gnu-tools-for-stm32.7-2018-q2-update.win32_1.4.0.202007081208/tools/bin/../lib/gcc/arm-none-eabi/7.3.1/../../../../arm-none-eabi/lib/thumb/v7-m\libc_nano.a(lib_a-stdio.o)
                0x0000000008004e1e                __sseek
 .text.__sclose
                0x0000000008004e42        0x8 d:/st/stm32cubeide_1.4.0/stm32cubeide/plugins/com.st.stm32cube.ide.mcu.externaltools.gnu-tools-for-stm32.7-2018-q2-update.win32_1.4.0.202007081208/tools/bin/../lib/gcc/arm-none-eabi/7.3.1/../../../../arm-none-eabi/lib/thumb/v7-m\libc_nano.a(lib_a-stdio.o)
                0x0000000008004e42                __sclose
 *fill*         0x0000000008004e4a        0x2 
 .text._write_r
                0x0000000008004e4c       0x24 d:/st/stm32cubeide_1.4.0/stm32cubeide/plugins/com.st.stm32cube.ide.mcu.externaltools.gnu-tools-for-stm32.7-2018-q2-update.win32_1.4.0.202007081208/tools/bin/../lib/gcc/arm-none-eabi/7.3.1/../../../../arm-none-eabi/lib/thumb/v7-m\libc_nano.a(lib_a-writer.o)
                0x0000000008004e4c                _write_r
 .text._close_r
                0x0000000008004e70       0x20 d:/st/stm32cubeide_1.4.0/stm32cubeide/plugins/com.st.stm32cube.ide.mcu.externaltools.gnu-tools-for-stm32.7-2018-q2-update.win32_1.4.0.202007081208/tools/bin/../lib/gcc/arm-none-eabi/7.3.1/../../../../arm-none-eabi/lib/thumb/v7-m\libc_nano.a(lib_a-closer.o)
                0x0000000008004e70                _close_r
 .text._fstat_r
                0x0000000008004e90       0x24 d:/st/stm32cubeide_1.4.0/stm32cubeide/plugins/com.st.stm32cube.ide.mcu.externaltools.gnu-tools-for-stm32.7-2018-q2-update.win32_1.4.0.202007081208/tools/bin/../lib/gcc/arm-none-eabi/7.3.1/../../../../arm-none-eabi/lib/thumb/v7-m\libc_nano.a(lib_a-fstatr.o)
                0x0000000008004e90                _fstat_r
 .text._isatty_r
                0x0000000008004eb4       0x20 d:/st/stm32cubeide_1.4.0/stm32cubeide/plugins/com.st.stm32cube.ide.mcu.externaltools.gnu-tools-for-stm32.7-2018-q2-update.win32_1.4.0.202007081208/tools/bin/../lib/gcc/arm-none-eabi/7.3.1/../../../../arm-none-eabi/lib/thumb/v7-m\libc_nano.a(lib_a-isattyr.o)
                0x0000000008004eb4                _isatty_r
 .text._lseek_r
                0x0000000008004ed4       0x24 d:/st/stm32cubeide_1.4.0/stm32cubeide/plugins/com.st.stm32cube.ide.mcu.externaltools.gnu-tools-for-stm32.7-2018-q2-update.win32_1.4.0.202007081208/tools/bin/../lib/gcc/arm-none-eabi/7.3.1/../../../../arm-none-eabi/lib/thumb/v7-m\libc_nano.a(lib_a-lseekr.o)
                0x0000000008004ed4                _lseek_r
 .text.memchr   0x0000000008004ef8       0x1c d:/st/stm32cubeide_1.4.0/stm32cubeide/plugins/com.st.stm32cube.ide.mcu.externaltools.gnu-tools-for-stm32.7-2018-q2-update.win32_1.4.0.202007081208/tools/bin/../lib/gcc/arm-none-eabi/7.3.1/../../../../arm-none-eabi/lib/thumb/v7-m\libc_nano.a(lib_a-memchr-stub.o)
                0x0000000008004ef8                memchr
 .text.__malloc_lock
                0x0000000008004f14        0x2 d:/st/stm32cubeide_1.4.0/stm32cubeide/plugins/com.st.stm32cube.ide.mcu.externaltools.gnu-tools-for-stm32.7-2018-q2-update.win32_1.4.0.202007081208/tools/bin/../lib/gcc/arm-none-eabi/7.3.1/../../../../arm-none-eabi/lib/thumb/v7-m\libc_nano.a(lib_a-mlock.o)
                0x0000000008004f14                __malloc_lock
 .text.__malloc_unlock
                0x0000000008004f16        0x2 d:/st/stm32cubeide_1.4.0/stm32cubeide/plugins/com.st.stm32cube.ide.mcu.externaltools.gnu-tools-for-stm32.7-2018-q2-update.win32_1.4.0.202007081208/tools/bin/../lib/gcc/arm-none-eabi/7.3.1/../../../../arm-none-eabi/lib/thumb/v7-m\libc_nano.a(lib_a-mlock.o)
                0x0000000008004f16                __malloc_unlock
 .text._read_r  0x0000000008004f18       0x24 d:/st/stm32cubeide_1.4.0/stm32cubeide/plugins/com.st.stm32cube.ide.mcu.externaltools.gnu-tools-for-stm32.7-2018-q2-update.win32_1.4.0.202007081208/tools/bin/../lib/gcc/arm-none-eabi/7.3.1/../../../../arm-none-eabi/lib/thumb/v7-m\libc_nano.a(lib_a-readr.o)
                0x0000000008004f18                _read_r
 *(.glue_7)
 .glue_7        0x0000000008004f3c        0x0 linker stubs
 *(.glue_7t)
 .glue_7t       0x0000000008004f3c        0x0 linker stubs
 *(.eh_frame)
 .eh_frame      0x0000000008004f3c        0x0 d:/st/stm32cubeide_1.4.0/stm32cubeide/plugins/com.st.stm32cube.ide.mcu.externaltools.gnu-tools-for-stm32.7-2018-q2-update.win32_1.4.0.202007081208/tools/bin/../lib/gcc/arm-none-eabi/7.3.1/thumb/v7-m/crtbegin.o
 *(.init)
 .init          0x0000000008004f3c        0x4 d:/st/stm32cubeide_1.4.0/stm32cubeide/plugins/com.st.stm32cube.ide.mcu.externaltools.gnu-tools-for-stm32.7-2018-q2-update.win32_1.4.0.202007081208/tools/bin/../lib/gcc/arm-none-eabi/7.3.1/thumb/v7-m/crti.o
                0x0000000008004f3c                _init
 .init          0x0000000008004f40        0x8 d:/st/stm32cubeide_1.4.0/stm32cubeide/plugins/com.st.stm32cube.ide.mcu.externaltools.gnu-tools-for-stm32.7-2018-q2-update.win32_1.4.0.202007081208/tools/bin/../lib/gcc/arm-none-eabi/7.3.1/thumb/v7-m/crtn.o
 *(.fini)
 .fini          0x0000000008004f48        0x4 d:/st/stm32cubeide_1.4.0/stm32cubeide/plugins/com.st.stm32cube.ide.mcu.externaltools.gnu-tools-for-stm32.7-2018-q2-update.win32_1.4.0.202007081208/tools/bin/../lib/gcc/arm-none-eabi/7.3.1/thumb/v7-m/crti.o
                0x0000000008004f48                _fini
 .fini          0x0000000008004f4c        0x8 d:/st/stm32cubeide_1.4.0/stm32cubeide/plugins/com.st.stm32cube.ide.mcu.externaltools.gnu-tools-for-stm32.7-2018-q2-update.win32_1.4.0.202007081208/tools/bin/../lib/gcc/arm-none-eabi/7.3.1/thumb/v7-m/crtn.o
                0x0000000008004f54                . = ALIGN (0x4)
                0x0000000008004f54                _etext = .

.vfp11_veneer   0x0000000008004f54        0x0
 .vfp11_veneer  0x0000000008004f54        0x0 linker stubs

.v4_bx          0x0000000008004f54        0x0
 .v4_bx         0x0000000008004f54        0x0 linker stubs

.iplt           0x0000000008004f54        0x0
 .iplt          0x0000000008004f54        0x0 d:/st/stm32cubeide_1.4.0/stm32cubeide/plugins/com.st.stm32cube.ide.mcu.externaltools.gnu-tools-for-stm32.7-2018-q2-update.win32_1.4.0.202007081208/tools/bin/../lib/gcc/arm-none-eabi/7.3.1/thumb/v7-m/crtbegin.o

.rodata         0x0000000008004f54      0x17c
                0x0000000008004f54                . = ALIGN (0x4)
 *(.rodata)
 .rodata        0x0000000008004f54       0x51 Core/Src/main.o
 *fill*         0x0000000008004fa5        0x3 
 .rodata        0x0000000008004fa8       0x38 Core/Src/max3421e.o
 .rodata        0x0000000008004fe0       0x32 Core/Src/maxUSB.o
 *fill*         0x0000000008005012        0x2 
 .rodata        0x0000000008005014       0x12 Drivers/STM32F1xx_HAL_Driver/Src/stm32f1xx_hal_rcc.o
 *(.rodata*)
 *fill*         0x0000000008005026        0x2 
 .rodata.AHBPrescTable
                0x0000000008005028       0x10 Core/Src/system_stm32f1xx.o
                0x0000000008005028                AHBPrescTable
 .rodata._global_impure_ptr
                0x0000000008005038        0x4 d:/st/stm32cubeide_1.4.0/stm32cubeide/plugins/com.st.stm32cube.ide.mcu.externaltools.gnu-tools-for-stm32.7-2018-q2-update.win32_1.4.0.202007081208/tools/bin/../lib/gcc/arm-none-eabi/7.3.1/../../../../arm-none-eabi/lib/thumb/v7-m\libc_nano.a(lib_a-impure.o)
                0x0000000008005038                _global_impure_ptr
 .rodata.__sf_fake_stderr
                0x000000000800503c       0x20 d:/st/stm32cubeide_1.4.0/stm32cubeide/plugins/com.st.stm32cube.ide.mcu.externaltools.gnu-tools-for-stm32.7-2018-q2-update.win32_1.4.0.202007081208/tools/bin/../lib/gcc/arm-none-eabi/7.3.1/../../../../arm-none-eabi/lib/thumb/v7-m\libc_nano.a(lib_a-findfp.o)
                0x000000000800503c                __sf_fake_stderr
 .rodata.__sf_fake_stdin
                0x000000000800505c       0x20 d:/st/stm32cubeide_1.4.0/stm32cubeide/plugins/com.st.stm32cube.ide.mcu.externaltools.gnu-tools-for-stm32.7-2018-q2-update.win32_1.4.0.202007081208/tools/bin/../lib/gcc/arm-none-eabi/7.3.1/../../../../arm-none-eabi/lib/thumb/v7-m\libc_nano.a(lib_a-findfp.o)
                0x000000000800505c                __sf_fake_stdin
 .rodata.__sf_fake_stdout
                0x000000000800507c       0x20 d:/st/stm32cubeide_1.4.0/stm32cubeide/plugins/com.st.stm32cube.ide.mcu.externaltools.gnu-tools-for-stm32.7-2018-q2-update.win32_1.4.0.202007081208/tools/bin/../lib/gcc/arm-none-eabi/7.3.1/../../../../arm-none-eabi/lib/thumb/v7-m\libc_nano.a(lib_a-findfp.o)
                0x000000000800507c                __sf_fake_stdout
 .rodata._vfprintf_r.str1.1
                0x000000000800509c       0x11 d:/st/stm32cubeide_1.4.0/stm32cubeide/plugins/com.st.stm32cube.ide.mcu.externaltools.gnu-tools-for-stm32.7-2018-q2-update.win32_1.4.0.202007081208/tools/bin/../lib/gcc/arm-none-eabi/7.3.1/../../../../arm-none-eabi/lib/thumb/v7-m\libc_nano.a(lib_a-nano-vfprintf.o)
 .rodata._printf_i.str1.1
                0x00000000080050ad       0x22 d:/st/stm32cubeide_1.4.0/stm32cubeide/plugins/com.st.stm32cube.ide.mcu.externaltools.gnu-tools-for-stm32.7-2018-q2-update.win32_1.4.0.202007081208/tools/bin/../lib/gcc/arm-none-eabi/7.3.1/../../../../arm-none-eabi/lib/thumb/v7-m\libc_nano.a(lib_a-nano-vfprintf_i.o)
                0x00000000080050d0                . = ALIGN (0x4)
 *fill*         0x00000000080050cf        0x1 

.rel.dyn        0x00000000080050d0        0x0
 .rel.iplt      0x00000000080050d0        0x0 d:/st/stm32cubeide_1.4.0/stm32cubeide/plugins/com.st.stm32cube.ide.mcu.externaltools.gnu-tools-for-stm32.7-2018-q2-update.win32_1.4.0.202007081208/tools/bin/../lib/gcc/arm-none-eabi/7.3.1/thumb/v7-m/crtbegin.o

.ARM.extab      0x00000000080050d0        0x0
                0x00000000080050d0                . = ALIGN (0x4)
 *(.ARM.extab* .gnu.linkonce.armextab.*)
                0x00000000080050d0                . = ALIGN (0x4)

.ARM            0x00000000080050d0        0x0
                0x00000000080050d0                . = ALIGN (0x4)
                0x00000000080050d0                __exidx_start = .
 *(.ARM.exidx*)
                0x00000000080050d0                __exidx_end = .
                0x00000000080050d0                . = ALIGN (0x4)

.preinit_array  0x00000000080050d0        0x0
                0x00000000080050d0                . = ALIGN (0x4)
                0x00000000080050d0                PROVIDE (__preinit_array_start = .)
 *(.preinit_array*)
                0x00000000080050d0                PROVIDE (__preinit_array_end = .)
                0x00000000080050d0                . = ALIGN (0x4)

.init_array     0x00000000080050d0        0x4
                0x00000000080050d0                . = ALIGN (0x4)
                0x00000000080050d0                PROVIDE (__init_array_start = .)
 *(SORT_BY_NAME(.init_array.*))
 *(.init_array*)
 .init_array    0x00000000080050d0        0x4 d:/st/stm32cubeide_1.4.0/stm32cubeide/plugins/com.st.stm32cube.ide.mcu.externaltools.gnu-tools-for-stm32.7-2018-q2-update.win32_1.4.0.202007081208/tools/bin/../lib/gcc/arm-none-eabi/7.3.1/thumb/v7-m/crtbegin.o
                0x00000000080050d4                PROVIDE (__init_array_end = .)
                0x00000000080050d4                . = ALIGN (0x4)

.fini_array     0x00000000080050d4        0x4
                0x00000000080050d4                . = ALIGN (0x4)
                [!provide]                        PROVIDE (__fini_array_start = .)
 *(SORT_BY_NAME(.fini_array.*))
 *(.fini_array*)
 .fini_array    0x00000000080050d4        0x4 d:/st/stm32cubeide_1.4.0/stm32cubeide/plugins/com.st.stm32cube.ide.mcu.externaltools.gnu-tools-for-stm32.7-2018-q2-update.win32_1.4.0.202007081208/tools/bin/../lib/gcc/arm-none-eabi/7.3.1/thumb/v7-m/crtbegin.o
                [!provide]                        PROVIDE (__fini_array_end = .)
                0x00000000080050d8                . = ALIGN (0x4)
                0x00000000080050d8                _sidata = LOADADDR (.data)

.data           0x0000000020000000       0x70 load address 0x00000000080050d8
                0x0000000020000000                . = ALIGN (0x4)
                0x0000000020000000                _sdata = .
 *(.data)
 *(.data*)
 .data.SystemCoreClock
                0x0000000020000000        0x4 Core/Src/system_stm32f1xx.o
                0x0000000020000000                SystemCoreClock
 .data.uwTickPrio
                0x0000000020000004        0x4 Drivers/STM32F1xx_HAL_Driver/Src/stm32f1xx_hal.o
                0x0000000020000004                uwTickPrio
 .data.uwTickFreq
                0x0000000020000008        0x1 Drivers/STM32F1xx_HAL_Driver/Src/stm32f1xx_hal.o
                0x0000000020000008                uwTickFreq
 *fill*         0x0000000020000009        0x3 
 .data._impure_ptr
                0x000000002000000c        0x4 d:/st/stm32cubeide_1.4.0/stm32cubeide/plugins/com.st.stm32cube.ide.mcu.externaltools.gnu-tools-for-stm32.7-2018-q2-update.win32_1.4.0.202007081208/tools/bin/../lib/gcc/arm-none-eabi/7.3.1/../../../../arm-none-eabi/lib/thumb/v7-m\libc_nano.a(lib_a-impure.o)
                0x000000002000000c                _impure_ptr
 .data.impure_data
                0x0000000020000010       0x60 d:/st/stm32cubeide_1.4.0/stm32cubeide/plugins/com.st.stm32cube.ide.mcu.externaltools.gnu-tools-for-stm32.7-2018-q2-update.win32_1.4.0.202007081208/tools/bin/../lib/gcc/arm-none-eabi/7.3.1/../../../../arm-none-eabi/lib/thumb/v7-m\libc_nano.a(lib_a-impure.o)
                0x0000000020000070                . = ALIGN (0x4)
                0x0000000020000070                _edata = .

.igot.plt       0x0000000020000070        0x0 load address 0x0000000008005148
 .igot.plt      0x0000000020000070        0x0 d:/st/stm32cubeide_1.4.0/stm32cubeide/plugins/com.st.stm32cube.ide.mcu.externaltools.gnu-tools-for-stm32.7-2018-q2-update.win32_1.4.0.202007081208/tools/bin/../lib/gcc/arm-none-eabi/7.3.1/thumb/v7-m/crtbegin.o
                0x0000000020000070                . = ALIGN (0x4)

.bss            0x0000000020000070      0x1d8 load address 0x0000000008005148
                0x0000000020000070                _sbss = .
                0x0000000020000070                __bss_start__ = _sbss
 *(.bss)
 .bss           0x0000000020000070       0x1c d:/st/stm32cubeide_1.4.0/stm32cubeide/plugins/com.st.stm32cube.ide.mcu.externaltools.gnu-tools-for-stm32.7-2018-q2-update.win32_1.4.0.202007081208/tools/bin/../lib/gcc/arm-none-eabi/7.3.1/thumb/v7-m/crtbegin.o
 *(.bss*)
 .bss.__sbrk_heap_end
                0x000000002000008c        0x4 Core/Src/sysmem.o
 .bss.__malloc_free_list
                0x0000000020000090        0x4 d:/st/stm32cubeide_1.4.0/stm32cubeide/plugins/com.st.stm32cube.ide.mcu.externaltools.gnu-tools-for-stm32.7-2018-q2-update.win32_1.4.0.202007081208/tools/bin/../lib/gcc/arm-none-eabi/7.3.1/../../../../arm-none-eabi/lib/thumb/v7-m\libc_nano.a(lib_a-nano-mallocr.o)
                0x0000000020000090                __malloc_free_list
 .bss.__malloc_sbrk_start
                0x0000000020000094        0x4 d:/st/stm32cubeide_1.4.0/stm32cubeide/plugins/com.st.stm32cube.ide.mcu.externaltools.gnu-tools-for-stm32.7-2018-q2-update.win32_1.4.0.202007081208/tools/bin/../lib/gcc/arm-none-eabi/7.3.1/../../../../arm-none-eabi/lib/thumb/v7-m\libc_nano.a(lib_a-nano-mallocr.o)
                0x0000000020000094                __malloc_sbrk_start
 *(COMMON)
 COMMON         0x0000000020000098      0x188 Core/Src/main.o
                0x0000000020000098                hspi2
                0x00000000200000f0                allEp
                0x00000000200000fc                htim4
                0x0000000020000144                vbusState
                0x0000000020000148                htim3
                0x0000000020000190                htim1
                0x00000000200001d8                htim2
 COMMON         0x0000000020000220       0x20 Core/Src/redGearUSB.o
                0x0000000020000220                readBuf
 COMMON         0x0000000020000240        0x4 Drivers/STM32F1xx_HAL_Driver/Src/stm32f1xx_hal.o
                0x0000000020000240                uwTick
 COMMON         0x0000000020000244        0x4 d:/st/stm32cubeide_1.4.0/stm32cubeide/plugins/com.st.stm32cube.ide.mcu.externaltools.gnu-tools-for-stm32.7-2018-q2-update.win32_1.4.0.202007081208/tools/bin/../lib/gcc/arm-none-eabi/7.3.1/../../../../arm-none-eabi/lib/thumb/v7-m\libc_nano.a(lib_a-reent.o)
                0x0000000020000244                errno
                0x0000000020000248                . = ALIGN (0x4)
                0x0000000020000248                _ebss = .
                0x0000000020000248                __bss_end__ = _ebss

._user_heap_stack
                0x0000000020000248      0x600 load address 0x0000000008005148
                0x0000000020000248                . = ALIGN (0x8)
                [!provide]                        PROVIDE (end = .)
                0x0000000020000248                PROVIDE (_end = .)
                0x0000000020000448                . = (. + _Min_Heap_Size)
 *fill*         0x0000000020000248      0x200 
                0x0000000020000848                . = (. + _Min_Stack_Size)
 *fill*         0x0000000020000448      0x400 
                0x0000000020000848                . = ALIGN (0x8)

/DISCARD/
 libc.a(*)
 libm.a(*)
 libgcc.a(*)

.ARM.attributes
                0x0000000000000000       0x29
 *(.ARM.attributes)
 .ARM.attributes
                0x0000000000000000       0x1d d:/st/stm32cubeide_1.4.0/stm32cubeide/plugins/com.st.stm32cube.ide.mcu.externaltools.gnu-tools-for-stm32.7-2018-q2-update.win32_1.4.0.202007081208/tools/bin/../lib/gcc/arm-none-eabi/7.3.1/thumb/v7-m/crti.o
 .ARM.attributes
                0x000000000000001d       0x2d d:/st/stm32cubeide_1.4.0/stm32cubeide/plugins/com.st.stm32cube.ide.mcu.externaltools.gnu-tools-for-stm32.7-2018-q2-update.win32_1.4.0.202007081208/tools/bin/../lib/gcc/arm-none-eabi/7.3.1/thumb/v7-m/crtbegin.o
 .ARM.attributes
                0x000000000000004a       0x33 Core/Src/main.o
 .ARM.attributes
                0x000000000000007d       0x33 Core/Src/max3421e.o
 .ARM.attributes
                0x00000000000000b0       0x33 Core/Src/maxUSB.o
 .ARM.attributes
                0x00000000000000e3       0x33 Core/Src/redGearUSB.o
 .ARM.attributes
                0x0000000000000116       0x33 Core/Src/stm32f1xx_hal_msp.o
 .ARM.attributes
                0x0000000000000149       0x33 Core/Src/stm32f1xx_it.o
 .ARM.attributes
                0x000000000000017c       0x33 Core/Src/syscalls.o
 .ARM.attributes
                0x00000000000001af       0x33 Core/Src/sysmem.o
 .ARM.attributes
                0x00000000000001e2       0x33 Core/Src/system_stm32f1xx.o
 .ARM.attributes
                0x0000000000000215       0x21 Core/Startup/startup_stm32f103c8tx.o
 .ARM.attributes
                0x0000000000000236       0x33 Drivers/STM32F1xx_HAL_Driver/Src/stm32f1xx_hal.o
 .ARM.attributes
                0x0000000000000269       0x33 Drivers/STM32F1xx_HAL_Driver/Src/stm32f1xx_hal_cortex.o
 .ARM.attributes
                0x000000000000029c       0x33 Drivers/STM32F1xx_HAL_Driver/Src/stm32f1xx_hal_gpio.o
 .ARM.attributes
                0x00000000000002cf       0x33 Drivers/STM32F1xx_HAL_Driver/Src/stm32f1xx_hal_rcc.o
 .ARM.attributes
                0x0000000000000302       0x33 Drivers/STM32F1xx_HAL_Driver/Src/stm32f1xx_hal_spi.o
 .ARM.attributes
                0x0000000000000335       0x33 Drivers/STM32F1xx_HAL_Driver/Src/stm32f1xx_hal_tim.o
 .ARM.attributes
                0x0000000000000368       0x33 Drivers/STM32F1xx_HAL_Driver/Src/stm32f1xx_hal_tim_ex.o
 .ARM.attributes
                0x000000000000039b       0x2d d:/st/stm32cubeide_1.4.0/stm32cubeide/plugins/com.st.stm32cube.ide.mcu.externaltools.gnu-tools-for-stm32.7-2018-q2-update.win32_1.4.0.202007081208/tools/bin/../lib/gcc/arm-none-eabi/7.3.1/../../../../arm-none-eabi/lib/thumb/v7-m\libc_nano.a(lib_a-errno.o)
 .ARM.attributes
                0x00000000000003c8       0x2d d:/st/stm32cubeide_1.4.0/stm32cubeide/plugins/com.st.stm32cube.ide.mcu.externaltools.gnu-tools-for-stm32.7-2018-q2-update.win32_1.4.0.202007081208/tools/bin/../lib/gcc/arm-none-eabi/7.3.1/../../../../arm-none-eabi/lib/thumb/v7-m\libc_nano.a(lib_a-impure.o)
 .ARM.attributes
                0x00000000000003f5       0x2d d:/st/stm32cubeide_1.4.0/stm32cubeide/plugins/com.st.stm32cube.ide.mcu.externaltools.gnu-tools-for-stm32.7-2018-q2-update.win32_1.4.0.202007081208/tools/bin/../lib/gcc/arm-none-eabi/7.3.1/../../../../arm-none-eabi/lib/thumb/v7-m\libc_nano.a(lib_a-init.o)
 .ARM.attributes
                0x0000000000000422       0x2d d:/st/stm32cubeide_1.4.0/stm32cubeide/plugins/com.st.stm32cube.ide.mcu.externaltools.gnu-tools-for-stm32.7-2018-q2-update.win32_1.4.0.202007081208/tools/bin/../lib/gcc/arm-none-eabi/7.3.1/../../../../arm-none-eabi/lib/thumb/v7-m\libc_nano.a(lib_a-memset.o)
 .ARM.attributes
                0x000000000000044f       0x2d d:/st/stm32cubeide_1.4.0/stm32cubeide/plugins/com.st.stm32cube.ide.mcu.externaltools.gnu-tools-for-stm32.7-2018-q2-update.win32_1.4.0.202007081208/tools/bin/../lib/gcc/arm-none-eabi/7.3.1/../../../../arm-none-eabi/lib/thumb/v7-m\libc_nano.a(lib_a-printf.o)
 .ARM.attributes
                0x000000000000047c       0x2d d:/st/stm32cubeide_1.4.0/stm32cubeide/plugins/com.st.stm32cube.ide.mcu.externaltools.gnu-tools-for-stm32.7-2018-q2-update.win32_1.4.0.202007081208/tools/bin/../lib/gcc/arm-none-eabi/7.3.1/../../../../arm-none-eabi/lib/thumb/v7-m\libc_nano.a(lib_a-puts.o)
 .ARM.attributes
                0x00000000000004a9       0x2d d:/st/stm32cubeide_1.4.0/stm32cubeide/plugins/com.st.stm32cube.ide.mcu.externaltools.gnu-tools-for-stm32.7-2018-q2-update.win32_1.4.0.202007081208/tools/bin/../lib/gcc/arm-none-eabi/7.3.1/../../../../arm-none-eabi/lib/thumb/v7-m\libc_nano.a(lib_a-wbuf.o)
 .ARM.attributes
                0x00000000000004d6       0x2d d:/st/stm32cubeide_1.4.0/stm32cubeide/plugins/com.st.stm32cube.ide.mcu.externaltools.gnu-tools-for-stm32.7-2018-q2-update.win32_1.4.0.202007081208/tools/bin/../lib/gcc/arm-none-eabi/7.3.1/../../../../arm-none-eabi/lib/thumb/v7-m\libc_nano.a(lib_a-wsetup.o)
 .ARM.attributes
                0x0000000000000503       0x2d d:/st/stm32cubeide_1.4.0/stm32cubeide/plugins/com.st.stm32cube.ide.mcu.externaltools.gnu-tools-for-stm32.7-2018-q2-update.win32_1.4.0.202007081208/tools/bin/../lib/gcc/arm-none-eabi/7.3.1/../../../../arm-none-eabi/lib/thumb/v7-m\libc_nano.a(lib_a-fflush.o)
 .ARM.attributes
                0x0000000000000530       0x2d d:/st/stm32cubeide_1.4.0/stm32cubeide/plugins/com.st.stm32cube.ide.mcu.externaltools.gnu-tools-for-stm32.7-2018-q2-update.win32_1.4.0.202007081208/tools/bin/../lib/gcc/arm-none-eabi/7.3.1/../../../../arm-none-eabi/lib/thumb/v7-m\libc_nano.a(lib_a-findfp.o)
 .ARM.attributes
                0x000000000000055d       0x2d d:/st/stm32cubeide_1.4.0/stm32cubeide/plugins/com.st.stm32cube.ide.mcu.externaltools.gnu-tools-for-stm32.7-2018-q2-update.win32_1.4.0.202007081208/tools/bin/../lib/gcc/arm-none-eabi/7.3.1/../../../../arm-none-eabi/lib/thumb/v7-m\libc_nano.a(lib_a-fwalk.o)
 .ARM.attributes
                0x000000000000058a       0x2d d:/st/stm32cubeide_1.4.0/stm32cubeide/plugins/com.st.stm32cube.ide.mcu.externaltools.gnu-tools-for-stm32.7-2018-q2-update.win32_1.4.0.202007081208/tools/bin/../lib/gcc/arm-none-eabi/7.3.1/../../../../arm-none-eabi/lib/thumb/v7-m\libc_nano.a(lib_a-makebuf.o)
 .ARM.attributes
                0x00000000000005b7       0x2d d:/st/stm32cubeide_1.4.0/stm32cubeide/plugins/com.st.stm32cube.ide.mcu.externaltools.gnu-tools-for-stm32.7-2018-q2-update.win32_1.4.0.202007081208/tools/bin/../lib/gcc/arm-none-eabi/7.3.1/../../../../arm-none-eabi/lib/thumb/v7-m\libc_nano.a(lib_a-nano-freer.o)
 .ARM.attributes
                0x00000000000005e4       0x2d d:/st/stm32cubeide_1.4.0/stm32cubeide/plugins/com.st.stm32cube.ide.mcu.externaltools.gnu-tools-for-stm32.7-2018-q2-update.win32_1.4.0.202007081208/tools/bin/../lib/gcc/arm-none-eabi/7.3.1/../../../../arm-none-eabi/lib/thumb/v7-m\libc_nano.a(lib_a-nano-mallocr.o)
 .ARM.attributes
                0x0000000000000611       0x2d d:/st/stm32cubeide_1.4.0/stm32cubeide/plugins/com.st.stm32cube.ide.mcu.externaltools.gnu-tools-for-stm32.7-2018-q2-update.win32_1.4.0.202007081208/tools/bin/../lib/gcc/arm-none-eabi/7.3.1/../../../../arm-none-eabi/lib/thumb/v7-m\libc_nano.a(lib_a-nano-vfprintf.o)
 .ARM.attributes
                0x000000000000063e       0x2d d:/st/stm32cubeide_1.4.0/stm32cubeide/plugins/com.st.stm32cube.ide.mcu.externaltools.gnu-tools-for-stm32.7-2018-q2-update.win32_1.4.0.202007081208/tools/bin/../lib/gcc/arm-none-eabi/7.3.1/../../../../arm-none-eabi/lib/thumb/v7-m\libc_nano.a(lib_a-nano-vfprintf_i.o)
 .ARM.attributes
                0x000000000000066b       0x2d d:/st/stm32cubeide_1.4.0/stm32cubeide/plugins/com.st.stm32cube.ide.mcu.externaltools.gnu-tools-for-stm32.7-2018-q2-update.win32_1.4.0.202007081208/tools/bin/../lib/gcc/arm-none-eabi/7.3.1/../../../../arm-none-eabi/lib/thumb/v7-m\libc_nano.a(lib_a-sbrkr.o)
 .ARM.attributes
                0x0000000000000698       0x2d d:/st/stm32cubeide_1.4.0/stm32cubeide/plugins/com.st.stm32cube.ide.mcu.externaltools.gnu-tools-for-stm32.7-2018-q2-update.win32_1.4.0.202007081208/tools/bin/../lib/gcc/arm-none-eabi/7.3.1/../../../../arm-none-eabi/lib/thumb/v7-m\libc_nano.a(lib_a-stdio.o)
 .ARM.attributes
                0x00000000000006c5       0x2d d:/st/stm32cubeide_1.4.0/stm32cubeide/plugins/com.st.stm32cube.ide.mcu.externaltools.gnu-tools-for-stm32.7-2018-q2-update.win32_1.4.0.202007081208/tools/bin/../lib/gcc/arm-none-eabi/7.3.1/../../../../arm-none-eabi/lib/thumb/v7-m\libc_nano.a(lib_a-writer.o)
 .ARM.attributes
                0x00000000000006f2       0x2d d:/st/stm32cubeide_1.4.0/stm32cubeide/plugins/com.st.stm32cube.ide.mcu.externaltools.gnu-tools-for-stm32.7-2018-q2-update.win32_1.4.0.202007081208/tools/bin/../lib/gcc/arm-none-eabi/7.3.1/../../../../arm-none-eabi/lib/thumb/v7-m\libc_nano.a(lib_a-closer.o)
 .ARM.attributes
                0x000000000000071f       0x2d d:/st/stm32cubeide_1.4.0/stm32cubeide/plugins/com.st.stm32cube.ide.mcu.externaltools.gnu-tools-for-stm32.7-2018-q2-update.win32_1.4.0.202007081208/tools/bin/../lib/gcc/arm-none-eabi/7.3.1/../../../../arm-none-eabi/lib/thumb/v7-m\libc_nano.a(lib_a-fstatr.o)
 .ARM.attributes
                0x000000000000074c       0x2d d:/st/stm32cubeide_1.4.0/stm32cubeide/plugins/com.st.stm32cube.ide.mcu.externaltools.gnu-tools-for-stm32.7-2018-q2-update.win32_1.4.0.202007081208/tools/bin/../lib/gcc/arm-none-eabi/7.3.1/../../../../arm-none-eabi/lib/thumb/v7-m\libc_nano.a(lib_a-isattyr.o)
 .ARM.attributes
                0x0000000000000779       0x2d d:/st/stm32cubeide_1.4.0/stm32cubeide/plugins/com.st.stm32cube.ide.mcu.externaltools.gnu-tools-for-stm32.7-2018-q2-update.win32_1.4.0.202007081208/tools/bin/../lib/gcc/arm-none-eabi/7.3.1/../../../../arm-none-eabi/lib/thumb/v7-m\libc_nano.a(lib_a-lseekr.o)
 .ARM.attributes
                0x00000000000007a6       0x2d d:/st/stm32cubeide_1.4.0/stm32cubeide/plugins/com.st.stm32cube.ide.mcu.externaltools.gnu-tools-for-stm32.7-2018-q2-update.win32_1.4.0.202007081208/tools/bin/../lib/gcc/arm-none-eabi/7.3.1/../../../../arm-none-eabi/lib/thumb/v7-m\libc_nano.a(lib_a-memchr-stub.o)
 .ARM.attributes
                0x00000000000007d3       0x2d d:/st/stm32cubeide_1.4.0/stm32cubeide/plugins/com.st.stm32cube.ide.mcu.externaltools.gnu-tools-for-stm32.7-2018-q2-update.win32_1.4.0.202007081208/tools/bin/../lib/gcc/arm-none-eabi/7.3.1/../../../../arm-none-eabi/lib/thumb/v7-m\libc_nano.a(lib_a-mlock.o)
 .ARM.attributes
                0x0000000000000800       0x2d d:/st/stm32cubeide_1.4.0/stm32cubeide/plugins/com.st.stm32cube.ide.mcu.externaltools.gnu-tools-for-stm32.7-2018-q2-update.win32_1.4.0.202007081208/tools/bin/../lib/gcc/arm-none-eabi/7.3.1/../../../../arm-none-eabi/lib/thumb/v7-m\libc_nano.a(lib_a-readr.o)
 .ARM.attributes
                0x000000000000082d       0x2d d:/st/stm32cubeide_1.4.0/stm32cubeide/plugins/com.st.stm32cube.ide.mcu.externaltools.gnu-tools-for-stm32.7-2018-q2-update.win32_1.4.0.202007081208/tools/bin/../lib/gcc/arm-none-eabi/7.3.1/../../../../arm-none-eabi/lib/thumb/v7-m\libc_nano.a(lib_a-reent.o)
 .ARM.attributes
                0x000000000000085a       0x1d d:/st/stm32cubeide_1.4.0/stm32cubeide/plugins/com.st.stm32cube.ide.mcu.externaltools.gnu-tools-for-stm32.7-2018-q2-update.win32_1.4.0.202007081208/tools/bin/../lib/gcc/arm-none-eabi/7.3.1/thumb/v7-m/crtn.o
OUTPUT(STM-MAX.elf elf32-littlearm)

.debug_info     0x0000000000000000     0xf07a
 .debug_info    0x0000000000000000     0x1b53 Core/Src/main.o
 .debug_info    0x0000000000001b53     0x11e5 Core/Src/max3421e.o
 .debug_info    0x0000000000002d38     0x161d Core/Src/maxUSB.o
 .debug_info    0x0000000000004355     0x1091 Core/Src/redGearUSB.o
 .debug_info    0x00000000000053e6      0xdad Core/Src/stm32f1xx_hal_msp.o
 .debug_info    0x0000000000006193      0x20a Core/Src/stm32f1xx_it.o
 .debug_info    0x000000000000639d      0xebd Core/Src/syscalls.o
 .debug_info    0x000000000000725a      0x985 Core/Src/sysmem.o
 .debug_info    0x0000000000007bdf      0x29a Core/Src/system_stm32f1xx.o
 .debug_info    0x0000000000007e79       0x22 Core/Startup/startup_stm32f103c8tx.o
 .debug_info    0x0000000000007e9b      0x714 Drivers/STM32F1xx_HAL_Driver/Src/stm32f1xx_hal.o
 .debug_info    0x00000000000085af      0xb51 Drivers/STM32F1xx_HAL_Driver/Src/stm32f1xx_hal_cortex.o
 .debug_info    0x0000000000009100      0x69b Drivers/STM32F1xx_HAL_Driver/Src/stm32f1xx_hal_gpio.o
 .debug_info    0x000000000000979b      0x80f Drivers/STM32F1xx_HAL_Driver/Src/stm32f1xx_hal_rcc.o
 .debug_info    0x0000000000009faa     0x1572 Drivers/STM32F1xx_HAL_Driver/Src/stm32f1xx_hal_spi.o
 .debug_info    0x000000000000b51c     0x27ef Drivers/STM32F1xx_HAL_Driver/Src/stm32f1xx_hal_tim.o
 .debug_info    0x000000000000dd0b     0x136f Drivers/STM32F1xx_HAL_Driver/Src/stm32f1xx_hal_tim_ex.o

.debug_abbrev   0x0000000000000000     0x220c
 .debug_abbrev  0x0000000000000000      0x346 Core/Src/main.o
 .debug_abbrev  0x0000000000000346      0x253 Core/Src/max3421e.o
 .debug_abbrev  0x0000000000000599      0x2cc Core/Src/maxUSB.o
 .debug_abbrev  0x0000000000000865      0x251 Core/Src/redGearUSB.o
 .debug_abbrev  0x0000000000000ab6      0x209 Core/Src/stm32f1xx_hal_msp.o
 .debug_abbrev  0x0000000000000cbf       0xc6 Core/Src/stm32f1xx_it.o
 .debug_abbrev  0x0000000000000d85      0x261 Core/Src/syscalls.o
 .debug_abbrev  0x0000000000000fe6      0x19b Core/Src/sysmem.o
 .debug_abbrev  0x0000000000001181      0x134 Core/Src/system_stm32f1xx.o
 .debug_abbrev  0x00000000000012b5       0x12 Core/Startup/startup_stm32f103c8tx.o
 .debug_abbrev  0x00000000000012c7      0x1c7 Drivers/STM32F1xx_HAL_Driver/Src/stm32f1xx_hal.o
 .debug_abbrev  0x000000000000148e      0x2d5 Drivers/STM32F1xx_HAL_Driver/Src/stm32f1xx_hal_cortex.o
 .debug_abbrev  0x0000000000001763      0x1c0 Drivers/STM32F1xx_HAL_Driver/Src/stm32f1xx_hal_gpio.o
 .debug_abbrev  0x0000000000001923      0x243 Drivers/STM32F1xx_HAL_Driver/Src/stm32f1xx_hal_rcc.o
 .debug_abbrev  0x0000000000001b66      0x240 Drivers/STM32F1xx_HAL_Driver/Src/stm32f1xx_hal_spi.o
 .debug_abbrev  0x0000000000001da6      0x230 Drivers/STM32F1xx_HAL_Driver/Src/stm32f1xx_hal_tim.o
 .debug_abbrev  0x0000000000001fd6      0x236 Drivers/STM32F1xx_HAL_Driver/Src/stm32f1xx_hal_tim_ex.o

.debug_aranges  0x0000000000000000      0xd30
 .debug_aranges
                0x0000000000000000       0x70 Core/Src/main.o
 .debug_aranges
                0x0000000000000070       0x68 Core/Src/max3421e.o
 .debug_aranges
                0x00000000000000d8       0x78 Core/Src/maxUSB.o
 .debug_aranges
                0x0000000000000150       0x40 Core/Src/redGearUSB.o
 .debug_aranges
                0x0000000000000190       0x58 Core/Src/stm32f1xx_hal_msp.o
 .debug_aranges
                0x00000000000001e8       0x60 Core/Src/stm32f1xx_it.o
 .debug_aranges
                0x0000000000000248       0xa8 Core/Src/syscalls.o
 .debug_aranges
                0x00000000000002f0       0x20 Core/Src/sysmem.o
 .debug_aranges
                0x0000000000000310       0x28 Core/Src/system_stm32f1xx.o
 .debug_aranges
                0x0000000000000338       0x28 Core/Startup/startup_stm32f103c8tx.o
 .debug_aranges
                0x0000000000000360       0xe0 Drivers/STM32F1xx_HAL_Driver/Src/stm32f1xx_hal.o
 .debug_aranges
                0x0000000000000440      0x100 Drivers/STM32F1xx_HAL_Driver/Src/stm32f1xx_hal_cortex.o
 .debug_aranges
                0x0000000000000540       0x58 Drivers/STM32F1xx_HAL_Driver/Src/stm32f1xx_hal_gpio.o
 .debug_aranges
                0x0000000000000598       0x90 Drivers/STM32F1xx_HAL_Driver/Src/stm32f1xx_hal_rcc.o
 .debug_aranges
                0x0000000000000628      0x1d0 Drivers/STM32F1xx_HAL_Driver/Src/stm32f1xx_hal_spi.o
 .debug_aranges
                0x00000000000007f8      0x3d0 Drivers/STM32F1xx_HAL_Driver/Src/stm32f1xx_hal_tim.o
 .debug_aranges
                0x0000000000000bc8      0x168 Drivers/STM32F1xx_HAL_Driver/Src/stm32f1xx_hal_tim_ex.o

.debug_ranges   0x0000000000000000      0xc88
 .debug_ranges  0x0000000000000000       0x60 Core/Src/main.o
 .debug_ranges  0x0000000000000060       0x58 Core/Src/max3421e.o
 .debug_ranges  0x00000000000000b8       0xc8 Core/Src/maxUSB.o
 .debug_ranges  0x0000000000000180       0x30 Core/Src/redGearUSB.o
 .debug_ranges  0x00000000000001b0       0x48 Core/Src/stm32f1xx_hal_msp.o
 .debug_ranges  0x00000000000001f8       0x50 Core/Src/stm32f1xx_it.o
 .debug_ranges  0x0000000000000248       0x98 Core/Src/syscalls.o
 .debug_ranges  0x00000000000002e0       0x10 Core/Src/sysmem.o
 .debug_ranges  0x00000000000002f0       0x18 Core/Src/system_stm32f1xx.o
 .debug_ranges  0x0000000000000308       0x20 Core/Startup/startup_stm32f103c8tx.o
 .debug_ranges  0x0000000000000328       0xd0 Drivers/STM32F1xx_HAL_Driver/Src/stm32f1xx_hal.o
 .debug_ranges  0x00000000000003f8       0xf0 Drivers/STM32F1xx_HAL_Driver/Src/stm32f1xx_hal_cortex.o
 .debug_ranges  0x00000000000004e8       0x48 Drivers/STM32F1xx_HAL_Driver/Src/stm32f1xx_hal_gpio.o
 .debug_ranges  0x0000000000000530       0x80 Drivers/STM32F1xx_HAL_Driver/Src/stm32f1xx_hal_rcc.o
 .debug_ranges  0x00000000000005b0      0x1c0 Drivers/STM32F1xx_HAL_Driver/Src/stm32f1xx_hal_spi.o
 .debug_ranges  0x0000000000000770      0x3c0 Drivers/STM32F1xx_HAL_Driver/Src/stm32f1xx_hal_tim.o
 .debug_ranges  0x0000000000000b30      0x158 Drivers/STM32F1xx_HAL_Driver/Src/stm32f1xx_hal_tim_ex.o

.debug_macro    0x0000000000000000    0x19454
 .debug_macro   0x0000000000000000      0x324 Core/Src/main.o
 .debug_macro   0x0000000000000324      0xa5a Core/Src/main.o
 .debug_macro   0x0000000000000d7e      0x21b Core/Src/main.o
 .debug_macro   0x0000000000000f99       0x2e Core/Src/main.o
 .debug_macro   0x0000000000000fc7       0x22 Core/Src/main.o
 .debug_macro   0x0000000000000fe9       0x22 Core/Src/main.o
 .debug_macro   0x000000000000100b       0x8e Core/Src/main.o
 .debug_macro   0x0000000000001099       0x51 Core/Src/main.o
 .debug_macro   0x00000000000010ea       0xef Core/Src/main.o
 .debug_macro   0x00000000000011d9       0x6a Core/Src/main.o
 .debug_macro   0x0000000000001243      0x1df Core/Src/main.o
 .debug_macro   0x0000000000001422       0x1c Core/Src/main.o
 .debug_macro   0x000000000000143e       0x22 Core/Src/main.o
 .debug_macro   0x0000000000001460       0xc3 Core/Src/main.o
 .debug_macro   0x0000000000001523      0xd23 Core/Src/main.o
 .debug_macro   0x0000000000002246     0xe097 Core/Src/main.o
 .debug_macro   0x00000000000102dd       0x43 Core/Src/main.o
 .debug_macro   0x0000000000010320     0x3468 Core/Src/main.o
 .debug_macro   0x0000000000013788      0x174 Core/Src/main.o
 .debug_macro   0x00000000000138fc       0x5c Core/Src/main.o
 .debug_macro   0x0000000000013958      0x5be Core/Src/main.o
 .debug_macro   0x0000000000013f16      0x289 Core/Src/main.o
 .debug_macro   0x000000000001419f      0x1cb Core/Src/main.o
 .debug_macro   0x000000000001436a      0x114 Core/Src/main.o
 .debug_macro   0x000000000001447e      0x1b2 Core/Src/main.o
 .debug_macro   0x0000000000014630       0x27 Core/Src/main.o
 .debug_macro   0x0000000000014657      0x136 Core/Src/main.o
 .debug_macro   0x000000000001478d      0x1bc Core/Src/main.o
 .debug_macro   0x0000000000014949       0x34 Core/Src/main.o
 .debug_macro   0x000000000001497d       0x3c Core/Src/main.o
 .debug_macro   0x00000000000149b9       0x57 Core/Src/main.o
 .debug_macro   0x0000000000014a10       0x88 Core/Src/main.o
 .debug_macro   0x0000000000014a98      0x241 Core/Src/main.o
 .debug_macro   0x0000000000014cd9      0x141 Core/Src/main.o
 .debug_macro   0x0000000000014e1a      0x217 Core/Src/main.o
 .debug_macro   0x0000000000015031      0x8d1 Core/Src/main.o
 .debug_macro   0x0000000000015902       0x83 Core/Src/main.o
 .debug_macro   0x0000000000015985      0x100 Core/Src/main.o
 .debug_macro   0x0000000000015a85       0x46 Core/Src/main.o
 .debug_macro   0x0000000000015acb       0x18 Core/Src/main.o
 .debug_macro   0x0000000000015ae3       0x3c Core/Src/main.o
 .debug_macro   0x0000000000015b1f       0x34 Core/Src/main.o
 .debug_macro   0x0000000000015b53       0x16 Core/Src/main.o
 .debug_macro   0x0000000000015b69       0x35 Core/Src/main.o
 .debug_macro   0x0000000000015b9e      0x32a Core/Src/main.o
 .debug_macro   0x0000000000015ec8       0x10 Core/Src/main.o
 .debug_macro   0x0000000000015ed8       0x52 Core/Src/main.o
 .debug_macro   0x0000000000015f2a       0x1f Core/Src/main.o
 .debug_macro   0x0000000000015f49       0x43 Core/Src/main.o
 .debug_macro   0x0000000000015f8c       0x20 Core/Src/main.o
 .debug_macro   0x0000000000015fac      0x1a3 Core/Src/main.o
 .debug_macro   0x000000000001614f       0x10 Core/Src/main.o
 .debug_macro   0x000000000001615f       0x1c Core/Src/main.o
 .debug_macro   0x000000000001617b       0x52 Core/Src/main.o
 .debug_macro   0x00000000000161cd       0x40 Core/Src/main.o
 .debug_macro   0x000000000001620d       0x10 Core/Src/main.o
 .debug_macro   0x000000000001621d       0x40 Core/Src/main.o
 .debug_macro   0x000000000001625d       0xd7 Core/Src/main.o
 .debug_macro   0x0000000000016334       0x1c Core/Src/main.o
 .debug_macro   0x0000000000016350       0x3d Core/Src/main.o
 .debug_macro   0x000000000001638d       0x16 Core/Src/main.o
 .debug_macro   0x00000000000163a3      0x145 Core/Src/main.o
 .debug_macro   0x00000000000164e8      0x2e3 Core/Src/main.o
 .debug_macro   0x00000000000167cb      0x112 Core/Src/main.o
 .debug_macro   0x00000000000168dd      0x346 Core/Src/max3421e.o
 .debug_macro   0x0000000000016c23       0x16 Core/Src/max3421e.o
 .debug_macro   0x0000000000016c39       0x16 Core/Src/max3421e.o
 .debug_macro   0x0000000000016c4f       0x29 Core/Src/max3421e.o
 .debug_macro   0x0000000000016c78      0x34f Core/Src/maxUSB.o
 .debug_macro   0x0000000000016fc7       0x22 Core/Src/maxUSB.o
 .debug_macro   0x0000000000016fe9      0x349 Core/Src/redGearUSB.o
 .debug_macro   0x0000000000017332      0x1b2 Core/Src/stm32f1xx_hal_msp.o
 .debug_macro   0x00000000000174e4      0x1bc Core/Src/stm32f1xx_it.o
 .debug_macro   0x00000000000176a0      0x243 Core/Src/syscalls.o
 .debug_macro   0x00000000000178e3       0x40 Core/Src/syscalls.o
 .debug_macro   0x0000000000017923       0x94 Core/Src/syscalls.o
 .debug_macro   0x00000000000179b7       0x57 Core/Src/syscalls.o
 .debug_macro   0x0000000000017a0e      0x330 Core/Src/syscalls.o
 .debug_macro   0x0000000000017d3e       0x10 Core/Src/syscalls.o
 .debug_macro   0x0000000000017d4e       0x10 Core/Src/syscalls.o
 .debug_macro   0x0000000000017d5e       0x10 Core/Src/syscalls.o
 .debug_macro   0x0000000000017d6e       0x35 Core/Src/syscalls.o
 .debug_macro   0x0000000000017da3      0x122 Core/Src/syscalls.o
 .debug_macro   0x0000000000017ec5       0x10 Core/Src/syscalls.o
 .debug_macro   0x0000000000017ed5      0x241 Core/Src/syscalls.o
 .debug_macro   0x0000000000018116       0x1c Core/Src/syscalls.o
 .debug_macro   0x0000000000018132       0x10 Core/Src/syscalls.o
 .debug_macro   0x0000000000018142      0x189 Core/Src/syscalls.o
 .debug_macro   0x00000000000182cb       0x16 Core/Src/syscalls.o
 .debug_macro   0x00000000000182e1       0x88 Core/Src/syscalls.o
 .debug_macro   0x0000000000018369       0xee Core/Src/sysmem.o
 .debug_macro   0x0000000000018457      0x23b Core/Src/sysmem.o
 .debug_macro   0x0000000000018692      0x1a3 Core/Src/system_stm32f1xx.o
 .debug_macro   0x0000000000018835      0x1c7 Drivers/STM32F1xx_HAL_Driver/Src/stm32f1xx_hal.o
 .debug_macro   0x00000000000189fc      0x1a3 Drivers/STM32F1xx_HAL_Driver/Src/stm32f1xx_hal_cortex.o
 .debug_macro   0x0000000000018b9f      0x20e Drivers/STM32F1xx_HAL_Driver/Src/stm32f1xx_hal_gpio.o
 .debug_macro   0x0000000000018dad      0x1b5 Drivers/STM32F1xx_HAL_Driver/Src/stm32f1xx_hal_rcc.o
 .debug_macro   0x0000000000018f62      0x1ab Drivers/STM32F1xx_HAL_Driver/Src/stm32f1xx_hal_spi.o
 .debug_macro   0x000000000001910d      0x1a4 Drivers/STM32F1xx_HAL_Driver/Src/stm32f1xx_hal_tim.o
 .debug_macro   0x00000000000192b1      0x1a3 Drivers/STM32F1xx_HAL_Driver/Src/stm32f1xx_hal_tim_ex.o

.debug_line     0x0000000000000000     0xaef6
 .debug_line    0x0000000000000000      0xa4c Core/Src/main.o
 .debug_line    0x0000000000000a4c      0x95f Core/Src/max3421e.o
 .debug_line    0x00000000000013ab      0xb08 Core/Src/maxUSB.o
 .debug_line    0x0000000000001eb3      0x92f Core/Src/redGearUSB.o
 .debug_line    0x00000000000027e2      0x75e Core/Src/stm32f1xx_hal_msp.o
 .debug_line    0x0000000000002f40      0x71a Core/Src/stm32f1xx_it.o
 .debug_line    0x000000000000365a      0x73e Core/Src/syscalls.o
 .debug_line    0x0000000000003d98      0x4c7 Core/Src/sysmem.o
 .debug_line    0x000000000000425f      0x69e Core/Src/system_stm32f1xx.o
 .debug_line    0x00000000000048fd       0x84 Core/Startup/startup_stm32f103c8tx.o
 .debug_line    0x0000000000004981      0x851 Drivers/STM32F1xx_HAL_Driver/Src/stm32f1xx_hal.o
 .debug_line    0x00000000000051d2      0x928 Drivers/STM32F1xx_HAL_Driver/Src/stm32f1xx_hal_cortex.o
 .debug_line    0x0000000000005afa      0x84d Drivers/STM32F1xx_HAL_Driver/Src/stm32f1xx_hal_gpio.o
 .debug_line    0x0000000000006347      0x911 Drivers/STM32F1xx_HAL_Driver/Src/stm32f1xx_hal_rcc.o
 .debug_line    0x0000000000006c58     0x103c Drivers/STM32F1xx_HAL_Driver/Src/stm32f1xx_hal_spi.o
 .debug_line    0x0000000000007c94     0x1faa Drivers/STM32F1xx_HAL_Driver/Src/stm32f1xx_hal_tim.o
 .debug_line    0x0000000000009c3e     0x12b8 Drivers/STM32F1xx_HAL_Driver/Src/stm32f1xx_hal_tim_ex.o

.debug_str      0x0000000000000000    0x8bb8e
 .debug_str     0x0000000000000000    0x87ee7 Core/Src/main.o
                                      0x88398 (size before relaxing)
 .debug_str     0x0000000000087ee7      0x1a4 Core/Src/max3421e.o
                                      0x8749d (size before relaxing)
 .debug_str     0x000000000008808b      0x290 Core/Src/maxUSB.o
                                      0x87689 (size before relaxing)
 .debug_str     0x000000000008831b       0x83 Core/Src/redGearUSB.o
                                      0x878af (size before relaxing)
 .debug_str     0x000000000008839e       0xf4 Core/Src/stm32f1xx_hal_msp.o
                                      0x8336e (size before relaxing)
 .debug_str     0x0000000000088492       0xbd Core/Src/stm32f1xx_it.o
                                      0x82c01 (size before relaxing)
 .debug_str     0x000000000008854f     0x110c Core/Src/syscalls.o
                                       0x887d (size before relaxing)
 .debug_str     0x000000000008965b       0x6b Core/Src/sysmem.o
                                       0x5f4b (size before relaxing)
 .debug_str     0x00000000000896c6       0x52 Core/Src/system_stm32f1xx.o
                                      0x82792 (size before relaxing)
 .debug_str     0x0000000000089718       0x36 Core/Startup/startup_stm32f103c8tx.o
                                         0x7b (size before relaxing)
 .debug_str     0x000000000008974e      0x559 Drivers/STM32F1xx_HAL_Driver/Src/stm32f1xx_hal.o
                                      0x82e23 (size before relaxing)
 .debug_str     0x0000000000089ca7      0x2d8 Drivers/STM32F1xx_HAL_Driver/Src/stm32f1xx_hal_cortex.o
                                      0x82e2b (size before relaxing)
 .debug_str     0x0000000000089f7f      0x31f Drivers/STM32F1xx_HAL_Driver/Src/stm32f1xx_hal_gpio.o
                                      0x82b56 (size before relaxing)
 .debug_str     0x000000000008a29e      0x24f Drivers/STM32F1xx_HAL_Driver/Src/stm32f1xx_hal_rcc.o
                                      0x82b8f (size before relaxing)
 .debug_str     0x000000000008a4ed      0x549 Drivers/STM32F1xx_HAL_Driver/Src/stm32f1xx_hal_spi.o
                                      0x83097 (size before relaxing)
 .debug_str     0x000000000008aa36      0xcd5 Drivers/STM32F1xx_HAL_Driver/Src/stm32f1xx_hal_tim.o
                                      0x83b61 (size before relaxing)
 .debug_str     0x000000000008b70b      0x483 Drivers/STM32F1xx_HAL_Driver/Src/stm32f1xx_hal_tim_ex.o
                                      0x8333b (size before relaxing)

.comment        0x0000000000000000       0x7b
 .comment       0x0000000000000000       0x7b Core/Src/main.o
                                         0x7c (size before relaxing)
 .comment       0x000000000000007b       0x7c Core/Src/max3421e.o
 .comment       0x000000000000007b       0x7c Core/Src/maxUSB.o
 .comment       0x000000000000007b       0x7c Core/Src/redGearUSB.o
 .comment       0x000000000000007b       0x7c Core/Src/stm32f1xx_hal_msp.o
 .comment       0x000000000000007b       0x7c Core/Src/stm32f1xx_it.o
 .comment       0x000000000000007b       0x7c Core/Src/syscalls.o
 .comment       0x000000000000007b       0x7c Core/Src/sysmem.o
 .comment       0x000000000000007b       0x7c Core/Src/system_stm32f1xx.o
 .comment       0x000000000000007b       0x7c Drivers/STM32F1xx_HAL_Driver/Src/stm32f1xx_hal.o
 .comment       0x000000000000007b       0x7c Drivers/STM32F1xx_HAL_Driver/Src/stm32f1xx_hal_cortex.o
 .comment       0x000000000000007b       0x7c Drivers/STM32F1xx_HAL_Driver/Src/stm32f1xx_hal_gpio.o
 .comment       0x000000000000007b       0x7c Drivers/STM32F1xx_HAL_Driver/Src/stm32f1xx_hal_rcc.o
 .comment       0x000000000000007b       0x7c Drivers/STM32F1xx_HAL_Driver/Src/stm32f1xx_hal_spi.o
 .comment       0x000000000000007b       0x7c Drivers/STM32F1xx_HAL_Driver/Src/stm32f1xx_hal_tim.o
 .comment       0x000000000000007b       0x7c Drivers/STM32F1xx_HAL_Driver/Src/stm32f1xx_hal_tim_ex.o

.debug_frame    0x0000000000000000     0x3d90
 .debug_frame   0x0000000000000000      0x194 Core/Src/main.o
 .debug_frame   0x0000000000000194      0x178 Core/Src/max3421e.o
 .debug_frame   0x000000000000030c      0x1c8 Core/Src/maxUSB.o
 .debug_frame   0x00000000000004d4       0xcc Core/Src/redGearUSB.o
 .debug_frame   0x00000000000005a0      0x13c Core/Src/stm32f1xx_hal_msp.o
 .debug_frame   0x00000000000006dc      0x10c Core/Src/stm32f1xx_it.o
 .debug_frame   0x00000000000007e8      0x2ac Core/Src/syscalls.o
 .debug_frame   0x0000000000000a94       0x34 Core/Src/sysmem.o
 .debug_frame   0x0000000000000ac8       0x58 Core/Src/system_stm32f1xx.o
 .debug_frame   0x0000000000000b20      0x334 Drivers/STM32F1xx_HAL_Driver/Src/stm32f1xx_hal.o
 .debug_frame   0x0000000000000e54      0x428 Drivers/STM32F1xx_HAL_Driver/Src/stm32f1xx_hal_cortex.o
 .debug_frame   0x000000000000127c      0x14c Drivers/STM32F1xx_HAL_Driver/Src/stm32f1xx_hal_gpio.o
 .debug_frame   0x00000000000013c8      0x21c Drivers/STM32F1xx_HAL_Driver/Src/stm32f1xx_hal_rcc.o
 .debug_frame   0x00000000000015e4      0x824 Drivers/STM32F1xx_HAL_Driver/Src/stm32f1xx_hal_spi.o
 .debug_frame   0x0000000000001e08     0x11b8 Drivers/STM32F1xx_HAL_Driver/Src/stm32f1xx_hal_tim.o
 .debug_frame   0x0000000000002fc0      0x638 Drivers/STM32F1xx_HAL_Driver/Src/stm32f1xx_hal_tim_ex.o
 .debug_frame   0x00000000000035f8       0x20 d:/st/stm32cubeide_1.4.0/stm32cubeide/plugins/com.st.stm32cube.ide.mcu.externaltools.gnu-tools-for-stm32.7-2018-q2-update.win32_1.4.0.202007081208/tools/bin/../lib/gcc/arm-none-eabi/7.3.1/../../../../arm-none-eabi/lib/thumb/v7-m\libc_nano.a(lib_a-errno.o)
 .debug_frame   0x0000000000003618       0x2c d:/st/stm32cubeide_1.4.0/stm32cubeide/plugins/com.st.stm32cube.ide.mcu.externaltools.gnu-tools-for-stm32.7-2018-q2-update.win32_1.4.0.202007081208/tools/bin/../lib/gcc/arm-none-eabi/7.3.1/../../../../arm-none-eabi/lib/thumb/v7-m\libc_nano.a(lib_a-init.o)
 .debug_frame   0x0000000000003644       0x20 d:/st/stm32cubeide_1.4.0/stm32cubeide/plugins/com.st.stm32cube.ide.mcu.externaltools.gnu-tools-for-stm32.7-2018-q2-update.win32_1.4.0.202007081208/tools/bin/../lib/gcc/arm-none-eabi/7.3.1/../../../../arm-none-eabi/lib/thumb/v7-m\libc_nano.a(lib_a-memset.o)
 .debug_frame   0x0000000000003664       0x74 d:/st/stm32cubeide_1.4.0/stm32cubeide/plugins/com.st.stm32cube.ide.mcu.externaltools.gnu-tools-for-stm32.7-2018-q2-update.win32_1.4.0.202007081208/tools/bin/../lib/gcc/arm-none-eabi/7.3.1/../../../../arm-none-eabi/lib/thumb/v7-m\libc_nano.a(lib_a-printf.o)
 .debug_frame   0x00000000000036d8       0x3c d:/st/stm32cubeide_1.4.0/stm32cubeide/plugins/com.st.stm32cube.ide.mcu.externaltools.gnu-tools-for-stm32.7-2018-q2-update.win32_1.4.0.202007081208/tools/bin/../lib/gcc/arm-none-eabi/7.3.1/../../../../arm-none-eabi/lib/thumb/v7-m\libc_nano.a(lib_a-puts.o)
 .debug_frame   0x0000000000003714       0x40 d:/st/stm32cubeide_1.4.0/stm32cubeide/plugins/com.st.stm32cube.ide.mcu.externaltools.gnu-tools-for-stm32.7-2018-q2-update.win32_1.4.0.202007081208/tools/bin/../lib/gcc/arm-none-eabi/7.3.1/../../../../arm-none-eabi/lib/thumb/v7-m\libc_nano.a(lib_a-wbuf.o)
 .debug_frame   0x0000000000003754       0x2c d:/st/stm32cubeide_1.4.0/stm32cubeide/plugins/com.st.stm32cube.ide.mcu.externaltools.gnu-tools-for-stm32.7-2018-q2-update.win32_1.4.0.202007081208/tools/bin/../lib/gcc/arm-none-eabi/7.3.1/../../../../arm-none-eabi/lib/thumb/v7-m\libc_nano.a(lib_a-wsetup.o)
 .debug_frame   0x0000000000003780       0x68 d:/st/stm32cubeide_1.4.0/stm32cubeide/plugins/com.st.stm32cube.ide.mcu.externaltools.gnu-tools-for-stm32.7-2018-q2-update.win32_1.4.0.202007081208/tools/bin/../lib/gcc/arm-none-eabi/7.3.1/../../../../arm-none-eabi/lib/thumb/v7-m\libc_nano.a(lib_a-fflush.o)
 .debug_frame   0x00000000000037e8      0x11c d:/st/stm32cubeide_1.4.0/stm32cubeide/plugins/com.st.stm32cube.ide.mcu.externaltools.gnu-tools-for-stm32.7-2018-q2-update.win32_1.4.0.202007081208/tools/bin/../lib/gcc/arm-none-eabi/7.3.1/../../../../arm-none-eabi/lib/thumb/v7-m\libc_nano.a(lib_a-findfp.o)
 .debug_frame   0x0000000000003904       0x54 d:/st/stm32cubeide_1.4.0/stm32cubeide/plugins/com.st.stm32cube.ide.mcu.externaltools.gnu-tools-for-stm32.7-2018-q2-update.win32_1.4.0.202007081208/tools/bin/../lib/gcc/arm-none-eabi/7.3.1/../../../../arm-none-eabi/lib/thumb/v7-m\libc_nano.a(lib_a-fwalk.o)
 .debug_frame   0x0000000000003958       0x58 d:/st/stm32cubeide_1.4.0/stm32cubeide/plugins/com.st.stm32cube.ide.mcu.externaltools.gnu-tools-for-stm32.7-2018-q2-update.win32_1.4.0.202007081208/tools/bin/../lib/gcc/arm-none-eabi/7.3.1/../../../../arm-none-eabi/lib/thumb/v7-m\libc_nano.a(lib_a-makebuf.o)
 .debug_frame   0x00000000000039b0       0x38 d:/st/stm32cubeide_1.4.0/stm32cubeide/plugins/com.st.stm32cube.ide.mcu.externaltools.gnu-tools-for-stm32.7-2018-q2-update.win32_1.4.0.202007081208/tools/bin/../lib/gcc/arm-none-eabi/7.3.1/../../../../arm-none-eabi/lib/thumb/v7-m\libc_nano.a(lib_a-nano-freer.o)
 .debug_frame   0x00000000000039e8       0x2c d:/st/stm32cubeide_1.4.0/stm32cubeide/plugins/com.st.stm32cube.ide.mcu.externaltools.gnu-tools-for-stm32.7-2018-q2-update.win32_1.4.0.202007081208/tools/bin/../lib/gcc/arm-none-eabi/7.3.1/../../../../arm-none-eabi/lib/thumb/v7-m\libc_nano.a(lib_a-nano-mallocr.o)
 .debug_frame   0x0000000000003a14       0xac d:/st/stm32cubeide_1.4.0/stm32cubeide/plugins/com.st.stm32cube.ide.mcu.externaltools.gnu-tools-for-stm32.7-2018-q2-update.win32_1.4.0.202007081208/tools/bin/../lib/gcc/arm-none-eabi/7.3.1/../../../../arm-none-eabi/lib/thumb/v7-m\libc_nano.a(lib_a-nano-vfprintf.o)
 .debug_frame   0x0000000000003ac0       0x60 d:/st/stm32cubeide_1.4.0/stm32cubeide/plugins/com.st.stm32cube.ide.mcu.externaltools.gnu-tools-for-stm32.7-2018-q2-update.win32_1.4.0.202007081208/tools/bin/../lib/gcc/arm-none-eabi/7.3.1/../../../../arm-none-eabi/lib/thumb/v7-m\libc_nano.a(lib_a-nano-vfprintf_i.o)
 .debug_frame   0x0000000000003b20       0x2c d:/st/stm32cubeide_1.4.0/stm32cubeide/plugins/com.st.stm32cube.ide.mcu.externaltools.gnu-tools-for-stm32.7-2018-q2-update.win32_1.4.0.202007081208/tools/bin/../lib/gcc/arm-none-eabi/7.3.1/../../../../arm-none-eabi/lib/thumb/v7-m\libc_nano.a(lib_a-sbrkr.o)
 .debug_frame   0x0000000000003b4c       0x88 d:/st/stm32cubeide_1.4.0/stm32cubeide/plugins/com.st.stm32cube.ide.mcu.externaltools.gnu-tools-for-stm32.7-2018-q2-update.win32_1.4.0.202007081208/tools/bin/../lib/gcc/arm-none-eabi/7.3.1/../../../../arm-none-eabi/lib/thumb/v7-m\libc_nano.a(lib_a-stdio.o)
 .debug_frame   0x0000000000003bd4       0x2c d:/st/stm32cubeide_1.4.0/stm32cubeide/plugins/com.st.stm32cube.ide.mcu.externaltools.gnu-tools-for-stm32.7-2018-q2-update.win32_1.4.0.202007081208/tools/bin/../lib/gcc/arm-none-eabi/7.3.1/../../../../arm-none-eabi/lib/thumb/v7-m\libc_nano.a(lib_a-writer.o)
 .debug_frame   0x0000000000003c00       0x2c d:/st/stm32cubeide_1.4.0/stm32cubeide/plugins/com.st.stm32cube.ide.mcu.externaltools.gnu-tools-for-stm32.7-2018-q2-update.win32_1.4.0.202007081208/tools/bin/../lib/gcc/arm-none-eabi/7.3.1/../../../../arm-none-eabi/lib/thumb/v7-m\libc_nano.a(lib_a-closer.o)
 .debug_frame   0x0000000000003c2c       0x2c d:/st/stm32cubeide_1.4.0/stm32cubeide/plugins/com.st.stm32cube.ide.mcu.externaltools.gnu-tools-for-stm32.7-2018-q2-update.win32_1.4.0.202007081208/tools/bin/../lib/gcc/arm-none-eabi/7.3.1/../../../../arm-none-eabi/lib/thumb/v7-m\libc_nano.a(lib_a-fstatr.o)
 .debug_frame   0x0000000000003c58       0x2c d:/st/stm32cubeide_1.4.0/stm32cubeide/plugins/com.st.stm32cube.ide.mcu.externaltools.gnu-tools-for-stm32.7-2018-q2-update.win32_1.4.0.202007081208/tools/bin/../lib/gcc/arm-none-eabi/7.3.1/../../../../arm-none-eabi/lib/thumb/v7-m\libc_nano.a(lib_a-isattyr.o)
 .debug_frame   0x0000000000003c84       0x2c d:/st/stm32cubeide_1.4.0/stm32cubeide/plugins/com.st.stm32cube.ide.mcu.externaltools.gnu-tools-for-stm32.7-2018-q2-update.win32_1.4.0.202007081208/tools/bin/../lib/gcc/arm-none-eabi/7.3.1/../../../../arm-none-eabi/lib/thumb/v7-m\libc_nano.a(lib_a-lseekr.o)
 .debug_frame   0x0000000000003cb0       0x28 d:/st/stm32cubeide_1.4.0/stm32cubeide/plugins/com.st.stm32cube.ide.mcu.externaltools.gnu-tools-for-stm32.7-2018-q2-update.win32_1.4.0.202007081208/tools/bin/../lib/gcc/arm-none-eabi/7.3.1/../../../../arm-none-eabi/lib/thumb/v7-m\libc_nano.a(lib_a-memchr-stub.o)
 .debug_frame   0x0000000000003cd8       0x30 d:/st/stm32cubeide_1.4.0/stm32cubeide/plugins/com.st.stm32cube.ide.mcu.externaltools.gnu-tools-for-stm32.7-2018-q2-update.win32_1.4.0.202007081208/tools/bin/../lib/gcc/arm-none-eabi/7.3.1/../../../../arm-none-eabi/lib/thumb/v7-m\libc_nano.a(lib_a-mlock.o)
 .debug_frame   0x0000000000003d08       0x2c d:/st/stm32cubeide_1.4.0/stm32cubeide/plugins/com.st.stm32cube.ide.mcu.externaltools.gnu-tools-for-stm32.7-2018-q2-update.win32_1.4.0.202007081208/tools/bin/../lib/gcc/arm-none-eabi/7.3.1/../../../../arm-none-eabi/lib/thumb/v7-m\libc_nano.a(lib_a-readr.o)
 .debug_frame   0x0000000000003d34       0x5c d:/st/stm32cubeide_1.4.0/stm32cubeide/plugins/com.st.stm32cube.ide.mcu.externaltools.gnu-tools-for-stm32.7-2018-q2-update.win32_1.4.0.202007081208/tools/bin/../lib/gcc/arm-none-eabi/7.3.1/../../../../arm-none-eabi/lib/thumb/v7-m\libc_nano.a(lib_a-reent.o)
